<?xml version="1.0"?>
<link_info>
   <banner>TI ARM Linker PC v5.1.1</banner>
   <copyright>Copyright (c) 1996-2013 Texas Instruments Incorporated</copyright>
   <link_time>0x53018017</link_time>
   <link_errors>0x0</link_errors>
   <output_file>compdcm_mpu9150.out</output_file>
   <entry_point>
      <name>_c_int00</name>
      <address>0x4d15</address>
   </entry_point>
   <input_file_list>
      <input_file id="fl-2">
         <path>.\drivers\</path>
         <kind>object</kind>
         <file>rgb.obj</file>
         <name>rgb.obj</name>
      </input_file>
      <input_file id="fl-3">
         <path>.\utils\</path>
         <kind>object</kind>
         <file>uartstdio.obj</file>
         <name>uartstdio.obj</name>
      </input_file>
      <input_file id="fl-4">
         <path>.\</path>
         <kind>object</kind>
         <file>startup_ccs.obj</file>
         <name>startup_ccs.obj</name>
      </input_file>
      <input_file id="fl-5">
         <path>.\</path>
         <kind>object</kind>
         <file>compdcm_mpu9150.obj</file>
         <name>compdcm_mpu9150.obj</name>
      </input_file>
      <input_file id="fl-134">
         <path>C:\ti\ccsv5\tools\compiler\arm_5.1.1\lib\</path>
         <kind>archive</kind>
         <file>rtsv7M4_T_le_v4SPD16_eabi.lib</file>
         <name>boot.obj</name>
      </input_file>
      <input_file id="fl-135">
         <path>C:\ti\ccsv5\tools\compiler\arm_5.1.1\lib\</path>
         <kind>archive</kind>
         <file>rtsv7M4_T_le_v4SPD16_eabi.lib</file>
         <name>copy_decompress_none.obj</name>
      </input_file>
      <input_file id="fl-136">
         <path>C:\ti\ccsv5\tools\compiler\arm_5.1.1\lib\</path>
         <kind>archive</kind>
         <file>rtsv7M4_T_le_v4SPD16_eabi.lib</file>
         <name>copy_decompress_rle.obj</name>
      </input_file>
      <input_file id="fl-137">
         <path>C:\ti\ccsv5\tools\compiler\arm_5.1.1\lib\</path>
         <kind>archive</kind>
         <file>rtsv7M4_T_le_v4SPD16_eabi.lib</file>
         <name>copy_zero_init.obj</name>
      </input_file>
      <input_file id="fl-138">
         <path>C:\ti\ccsv5\tools\compiler\arm_5.1.1\lib\</path>
         <kind>archive</kind>
         <file>rtsv7M4_T_le_v4SPD16_eabi.lib</file>
         <name>exit.obj</name>
      </input_file>
      <input_file id="fl-139">
         <path>C:\ti\ccsv5\tools\compiler\arm_5.1.1\lib\</path>
         <kind>archive</kind>
         <file>rtsv7M4_T_le_v4SPD16_eabi.lib</file>
         <name>fs_toull_t2.obj</name>
      </input_file>
      <input_file id="fl-13a">
         <path>C:\ti\ccsv5\tools\compiler\arm_5.1.1\lib\</path>
         <kind>archive</kind>
         <file>rtsv7M4_T_le_v4SPD16_eabi.lib</file>
         <name>memcpy_t2.obj</name>
      </input_file>
      <input_file id="fl-13b">
         <path>C:\ti\ccsv5\tools\compiler\arm_5.1.1\lib\</path>
         <kind>archive</kind>
         <file>rtsv7M4_T_le_v4SPD16_eabi.lib</file>
         <name>printf.obj</name>
      </input_file>
      <input_file id="fl-13c">
         <path>C:\ti\ccsv5\tools\compiler\arm_5.1.1\lib\</path>
         <kind>archive</kind>
         <file>rtsv7M4_T_le_v4SPD16_eabi.lib</file>
         <name>stkdepth_vars.obj</name>
      </input_file>
      <input_file id="fl-13d">
         <path>C:\ti\ccsv5\tools\compiler\arm_5.1.1\lib\</path>
         <kind>archive</kind>
         <file>rtsv7M4_T_le_v4SPD16_eabi.lib</file>
         <name>u_divt2.obj</name>
      </input_file>
      <input_file id="fl-13e">
         <path>C:\ti\ccsv5\tools\compiler\arm_5.1.1\lib\</path>
         <kind>archive</kind>
         <file>rtsv7M4_T_le_v4SPD16_eabi.lib</file>
         <name>_lock.obj</name>
      </input_file>
      <input_file id="fl-13f">
         <path>C:\ti\ccsv5\tools\compiler\arm_5.1.1\lib\</path>
         <kind>archive</kind>
         <file>rtsv7M4_T_le_v4SPD16_eabi.lib</file>
         <name>_printfi.obj</name>
      </input_file>
      <input_file id="fl-140">
         <path>C:\ti\ccsv5\tools\compiler\arm_5.1.1\lib\</path>
         <kind>archive</kind>
         <file>rtsv7M4_T_le_v4SPD16_eabi.lib</file>
         <name>args_main.obj</name>
      </input_file>
      <input_file id="fl-141">
         <path>C:\ti\ccsv5\tools\compiler\arm_5.1.1\lib\</path>
         <kind>archive</kind>
         <file>rtsv7M4_T_le_v4SPD16_eabi.lib</file>
         <name>atoi.obj</name>
      </input_file>
      <input_file id="fl-142">
         <path>C:\ti\ccsv5\tools\compiler\arm_5.1.1\lib\</path>
         <kind>archive</kind>
         <file>rtsv7M4_T_le_v4SPD16_eabi.lib</file>
         <name>auto_init.obj</name>
      </input_file>
      <input_file id="fl-143">
         <path>C:\ti\ccsv5\tools\compiler\arm_5.1.1\lib\</path>
         <kind>archive</kind>
         <file>rtsv7M4_T_le_v4SPD16_eabi.lib</file>
         <name>cpy_tbl.obj</name>
      </input_file>
      <input_file id="fl-144">
         <path>C:\ti\ccsv5\tools\compiler\arm_5.1.1\lib\</path>
         <kind>archive</kind>
         <file>rtsv7M4_T_le_v4SPD16_eabi.lib</file>
         <name>ctype.obj</name>
      </input_file>
      <input_file id="fl-145">
         <path>C:\ti\ccsv5\tools\compiler\arm_5.1.1\lib\</path>
         <kind>archive</kind>
         <file>rtsv7M4_T_le_v4SPD16_eabi.lib</file>
         <name>defs.obj</name>
      </input_file>
      <input_file id="fl-146">
         <path>C:\ti\ccsv5\tools\compiler\arm_5.1.1\lib\</path>
         <kind>archive</kind>
         <file>rtsv7M4_T_le_v4SPD16_eabi.lib</file>
         <name>fd_add_t2.obj</name>
      </input_file>
      <input_file id="fl-147">
         <path>C:\ti\ccsv5\tools\compiler\arm_5.1.1\lib\</path>
         <kind>archive</kind>
         <file>rtsv7M4_T_le_v4SPD16_eabi.lib</file>
         <name>fd_cmp_t2.obj</name>
      </input_file>
      <input_file id="fl-148">
         <path>C:\ti\ccsv5\tools\compiler\arm_5.1.1\lib\</path>
         <kind>archive</kind>
         <file>rtsv7M4_T_le_v4SPD16_eabi.lib</file>
         <name>fd_div_t2.obj</name>
      </input_file>
      <input_file id="fl-149">
         <path>C:\ti\ccsv5\tools\compiler\arm_5.1.1\lib\</path>
         <kind>archive</kind>
         <file>rtsv7M4_T_le_v4SPD16_eabi.lib</file>
         <name>fd_mul_t2.obj</name>
      </input_file>
      <input_file id="fl-14a">
         <path>C:\ti\ccsv5\tools\compiler\arm_5.1.1\lib\</path>
         <kind>archive</kind>
         <file>rtsv7M4_T_le_v4SPD16_eabi.lib</file>
         <name>fd_toi_t2.obj</name>
      </input_file>
      <input_file id="fl-14b">
         <path>C:\ti\ccsv5\tools\compiler\arm_5.1.1\lib\</path>
         <kind>archive</kind>
         <file>rtsv7M4_T_le_v4SPD16_eabi.lib</file>
         <name>fputc.obj</name>
      </input_file>
      <input_file id="fl-14c">
         <path>C:\ti\ccsv5\tools\compiler\arm_5.1.1\lib\</path>
         <kind>archive</kind>
         <file>rtsv7M4_T_le_v4SPD16_eabi.lib</file>
         <name>fputs.obj</name>
      </input_file>
      <input_file id="fl-14d">
         <path>C:\ti\ccsv5\tools\compiler\arm_5.1.1\lib\</path>
         <kind>archive</kind>
         <file>rtsv7M4_T_le_v4SPD16_eabi.lib</file>
         <name>i_tofd_t2.obj</name>
      </input_file>
      <input_file id="fl-14e">
         <path>C:\ti\ccsv5\tools\compiler\arm_5.1.1\lib\</path>
         <kind>archive</kind>
         <file>rtsv7M4_T_le_v4SPD16_eabi.lib</file>
         <name>ll_mul_t2.obj</name>
      </input_file>
      <input_file id="fl-14f">
         <path>C:\ti\ccsv5\tools\compiler\arm_5.1.1\lib\</path>
         <kind>archive</kind>
         <file>rtsv7M4_T_le_v4SPD16_eabi.lib</file>
         <name>lowlev.obj</name>
      </input_file>
      <input_file id="fl-150">
         <path>C:\ti\ccsv5\tools\compiler\arm_5.1.1\lib\</path>
         <kind>archive</kind>
         <file>rtsv7M4_T_le_v4SPD16_eabi.lib</file>
         <name>ltoa.obj</name>
      </input_file>
      <input_file id="fl-151">
         <path>C:\ti\ccsv5\tools\compiler\arm_5.1.1\lib\</path>
         <kind>archive</kind>
         <file>rtsv7M4_T_le_v4SPD16_eabi.lib</file>
         <name>memccpy.obj</name>
      </input_file>
      <input_file id="fl-152">
         <path>C:\ti\ccsv5\tools\compiler\arm_5.1.1\lib\</path>
         <kind>archive</kind>
         <file>rtsv7M4_T_le_v4SPD16_eabi.lib</file>
         <name>memchr.obj</name>
      </input_file>
      <input_file id="fl-153">
         <path>C:\ti\ccsv5\tools\compiler\arm_5.1.1\lib\</path>
         <kind>archive</kind>
         <file>rtsv7M4_T_le_v4SPD16_eabi.lib</file>
         <name>memset_t2.obj</name>
      </input_file>
      <input_file id="fl-154">
         <path>C:\ti\ccsv5\tools\compiler\arm_5.1.1\lib\</path>
         <kind>archive</kind>
         <file>rtsv7M4_T_le_v4SPD16_eabi.lib</file>
         <name>strchr.obj</name>
      </input_file>
      <input_file id="fl-155">
         <path>C:\ti\ccsv5\tools\compiler\arm_5.1.1\lib\</path>
         <kind>archive</kind>
         <file>rtsv7M4_T_le_v4SPD16_eabi.lib</file>
         <name>strcmp.obj</name>
      </input_file>
      <input_file id="fl-156">
         <path>C:\ti\ccsv5\tools\compiler\arm_5.1.1\lib\</path>
         <kind>archive</kind>
         <file>rtsv7M4_T_le_v4SPD16_eabi.lib</file>
         <name>strlen.obj</name>
      </input_file>
      <input_file id="fl-157">
         <path>C:\ti\ccsv5\tools\compiler\arm_5.1.1\lib\</path>
         <kind>archive</kind>
         <file>rtsv7M4_T_le_v4SPD16_eabi.lib</file>
         <name>strncpy.obj</name>
      </input_file>
      <input_file id="fl-158">
         <path>C:\ti\ccsv5\tools\compiler\arm_5.1.1\lib\</path>
         <kind>archive</kind>
         <file>rtsv7M4_T_le_v4SPD16_eabi.lib</file>
         <name>trgdrv.obj</name>
      </input_file>
      <input_file id="fl-159">
         <path>C:\ti\ccsv5\tools\compiler\arm_5.1.1\lib\</path>
         <kind>archive</kind>
         <file>rtsv7M4_T_le_v4SPD16_eabi.lib</file>
         <name>trgmsg.obj</name>
      </input_file>
      <input_file id="fl-15a">
         <path>C:\ti\ccsv5\tools\compiler\arm_5.1.1\lib\</path>
         <kind>archive</kind>
         <file>rtsv7M4_T_le_v4SPD16_eabi.lib</file>
         <name>ull_div_t2.obj</name>
      </input_file>
      <input_file id="fl-15b">
         <path>C:\ti\ccsv5\tools\compiler\arm_5.1.1\lib\</path>
         <kind>archive</kind>
         <file>rtsv7M4_T_le_v4SPD16_eabi.lib</file>
         <name>xdclass.obj</name>
      </input_file>
      <input_file id="fl-15c">
         <path>C:\ti\ccsv5\tools\compiler\arm_5.1.1\lib\</path>
         <kind>archive</kind>
         <file>rtsv7M4_T_le_v4SPD16_eabi.lib</file>
         <name>xdtest.obj</name>
      </input_file>
      <input_file id="fl-15d">
         <path>C:\ti\ccsv5\tools\compiler\arm_5.1.1\lib\</path>
         <kind>archive</kind>
         <file>rtsv7M4_T_le_v4SPD16_eabi.lib</file>
         <name>_io_perm.obj</name>
      </input_file>
      <input_file id="fl-15e">
         <path>C:\ti\ccsv5\tools\compiler\arm_5.1.1\lib\</path>
         <kind>archive</kind>
         <file>rtsv7M4_T_le_v4SPD16_eabi.lib</file>
         <name>fflush.obj</name>
      </input_file>
      <input_file id="fl-15f">
         <path>C:\ti\ccsv5\tools\compiler\arm_5.1.1\lib\</path>
         <kind>archive</kind>
         <file>rtsv7M4_T_le_v4SPD16_eabi.lib</file>
         <name>fseek.obj</name>
      </input_file>
      <input_file id="fl-160">
         <path>C:\ti\ccsv5\tools\compiler\arm_5.1.1\lib\</path>
         <kind>archive</kind>
         <file>rtsv7M4_T_le_v4SPD16_eabi.lib</file>
         <name>setvbuf.obj</name>
      </input_file>
      <input_file id="fl-161">
         <path>C:\ti\ccsv5\tools\compiler\arm_5.1.1\lib\</path>
         <kind>archive</kind>
         <file>rtsv7M4_T_le_v4SPD16_eabi.lib</file>
         <name>strcpy.obj</name>
      </input_file>
      <input_file id="fl-162">
         <path>C:\ti\ccsv5\tools\compiler\arm_5.1.1\lib\</path>
         <kind>archive</kind>
         <file>rtsv7M4_T_le_v4SPD16_eabi.lib</file>
         <name>fopen.obj</name>
      </input_file>
      <input_file id="fl-163">
         <path>C:\ti\ccsv5\tools\compiler\arm_5.1.1\lib\</path>
         <kind>archive</kind>
         <file>rtsv7M4_T_le_v4SPD16_eabi.lib</file>
         <name>memory.obj</name>
      </input_file>
      <input_file id="fl-164">
         <path>C:\ti\ccsv5\tools\compiler\arm_5.1.1\lib\</path>
         <kind>archive</kind>
         <file>rtsv7M4_T_le_v4SPD16_eabi.lib</file>
         <name>fclose.obj</name>
      </input_file>
      <input_file id="fl-165">
         <path>C:\ti\ccsv5\tools\compiler\arm_5.1.1\lib\</path>
         <kind>archive</kind>
         <file>rtsv7M4_T_le_v4SPD16_eabi.lib</file>
         <name>remove.obj</name>
      </input_file>
      <input_file id="fl-166">
         <path>C:\ti\TivaWare_C_Series-2.0.1.11577\examples\boards\ek-tm4c123gxl-boostxl-senshub\compdcm_mpu9150\ccs\..\..\..\..\..\driverlib\ccs\Debug\</path>
         <kind>archive</kind>
         <file>driverlib.lib</file>
         <name>uart.obj</name>
      </input_file>
      <input_file id="fl-167">
         <path>C:\ti\TivaWare_C_Series-2.0.1.11577\examples\boards\ek-tm4c123gxl-boostxl-senshub\compdcm_mpu9150\ccs\..\..\..\..\..\driverlib\ccs\Debug\</path>
         <kind>archive</kind>
         <file>driverlib.lib</file>
         <name>sysctl.obj</name>
      </input_file>
      <input_file id="fl-168">
         <path>C:\ti\TivaWare_C_Series-2.0.1.11577\examples\boards\ek-tm4c123gxl-boostxl-senshub\compdcm_mpu9150\ccs\..\..\..\..\..\driverlib\ccs\Debug\</path>
         <kind>archive</kind>
         <file>driverlib.lib</file>
         <name>interrupt.obj</name>
      </input_file>
      <input_file id="fl-169">
         <path>C:\ti\TivaWare_C_Series-2.0.1.11577\examples\boards\ek-tm4c123gxl-boostxl-senshub\compdcm_mpu9150\ccs\..\..\..\..\..\driverlib\ccs\Debug\</path>
         <kind>archive</kind>
         <file>driverlib.lib</file>
         <name>gpio.obj</name>
      </input_file>
      <input_file id="fl-16a">
         <path>C:\ti\TivaWare_C_Series-2.0.1.11577\examples\boards\ek-tm4c123gxl-boostxl-senshub\compdcm_mpu9150\ccs\..\..\..\..\..\driverlib\ccs\Debug\</path>
         <kind>archive</kind>
         <file>driverlib.lib</file>
         <name>cpu.obj</name>
      </input_file>
      <input_file id="fl-16b">
         <path>C:\ti\TivaWare_C_Series-2.0.1.11577\examples\boards\ek-tm4c123gxl-boostxl-senshub\compdcm_mpu9150\ccs\..\..\..\..\..\sensorlib\ccs\Debug\</path>
         <kind>archive</kind>
         <file>sensorlib.lib</file>
         <name>mpu9150.obj</name>
      </input_file>
      <input_file id="fl-16c">
         <path>C:\ti\TivaWare_C_Series-2.0.1.11577\examples\boards\ek-tm4c123gxl-boostxl-senshub\compdcm_mpu9150\ccs\..\..\..\..\..\sensorlib\ccs\Debug\</path>
         <kind>archive</kind>
         <file>sensorlib.lib</file>
         <name>i2cm_drv.obj</name>
      </input_file>
      <input_file id="fl-16d">
         <path>C:\ti\TivaWare_C_Series-2.0.1.11577\examples\boards\ek-tm4c123gxl-boostxl-senshub\compdcm_mpu9150\ccs\..\..\..\..\..\sensorlib\ccs\Debug\</path>
         <kind>archive</kind>
         <file>sensorlib.lib</file>
         <name>comp_dcm.obj</name>
      </input_file>
      <input_file id="fl-16e">
         <path>C:\ti\TivaWare_C_Series-2.0.1.11577\examples\boards\ek-tm4c123gxl-boostxl-senshub\compdcm_mpu9150\ccs\..\..\..\..\..\sensorlib\ccs\Debug\</path>
         <kind>archive</kind>
         <file>sensorlib.lib</file>
         <name>vector.obj</name>
      </input_file>
      <input_file id="fl-16f">
         <path>C:\ti\ccsv5\tools\compiler\arm_5.1.1\lib\</path>
         <kind>archive</kind>
         <file>rtsv7M4_T_le_v4SPD16_eabi.lib</file>
         <name>asinf.obj</name>
      </input_file>
      <input_file id="fl-170">
         <path>C:\ti\ccsv5\tools\compiler\arm_5.1.1\lib\</path>
         <kind>archive</kind>
         <file>rtsv7M4_T_le_v4SPD16_eabi.lib</file>
         <name>atan2f.obj</name>
      </input_file>
      <input_file id="fl-171">
         <path>C:\ti\ccsv5\tools\compiler\arm_5.1.1\lib\</path>
         <kind>archive</kind>
         <file>rtsv7M4_T_le_v4SPD16_eabi.lib</file>
         <name>fd_tos_t2.obj</name>
      </input_file>
      <input_file id="fl-172">
         <path>C:\ti\ccsv5\tools\compiler\arm_5.1.1\lib\</path>
         <kind>archive</kind>
         <file>rtsv7M4_T_le_v4SPD16_eabi.lib</file>
         <name>fs_tod_t2.obj</name>
      </input_file>
      <input_file id="fl-173">
         <path>C:\ti\ccsv5\tools\compiler\arm_5.1.1\lib\</path>
         <kind>archive</kind>
         <file>rtsv7M4_T_le_v4SPD16_eabi.lib</file>
         <name>sqrtf.obj</name>
      </input_file>
      <input_file id="fl-174">
         <path>C:\ti\ccsv5\tools\compiler\arm_5.1.1\lib\</path>
         <kind>archive</kind>
         <file>rtsv7M4_T_le_v4SPD16_eabi.lib</file>
         <name>xfatan.obj</name>
      </input_file>
      <input_file id="fl-175">
         <path>C:\ti\ccsv5\tools\compiler\arm_5.1.1\lib\</path>
         <kind>archive</kind>
         <file>rtsv7M4_T_le_v4SPD16_eabi.lib</file>
         <name>xfdclass.obj</name>
      </input_file>
      <input_file id="fl-176">
         <path>C:\ti\ccsv5\tools\compiler\arm_5.1.1\lib\</path>
         <kind>archive</kind>
         <file>rtsv7M4_T_le_v4SPD16_eabi.lib</file>
         <name>xfdtest.obj</name>
      </input_file>
      <input_file id="fl-177">
         <path>C:\ti\ccsv5\tools\compiler\arm_5.1.1\lib\</path>
         <kind>archive</kind>
         <file>rtsv7M4_T_le_v4SPD16_eabi.lib</file>
         <name>xferaise.obj</name>
      </input_file>
      <input_file id="fl-178">
         <path>C:\ti\ccsv5\tools\compiler\arm_5.1.1\lib\</path>
         <kind>archive</kind>
         <file>rtsv7M4_T_le_v4SPD16_eabi.lib</file>
         <name>xfvalues.obj</name>
      </input_file>
      <input_file id="fl-179">
         <path>C:\ti\ccsv5\tools\compiler\arm_5.1.1\lib\</path>
         <kind>archive</kind>
         <file>rtsv7M4_T_le_v4SPD16_eabi.lib</file>
         <name>errno.obj</name>
      </input_file>
      <input_file id="fl-17a">
         <path>C:\ti\ccsv5\tools\compiler\arm_5.1.1\lib\</path>
         <kind>archive</kind>
         <file>rtsv7M4_T_le_v4SPD16_eabi.lib</file>
         <name>feraiseexcept.obj</name>
      </input_file>
      <input_file id="fl-17b">
         <path>C:\ti\ccsv5\tools\compiler\arm_5.1.1\lib\</path>
         <kind>archive</kind>
         <file>rtsv7M4_T_le_v4SPD16_eabi.lib</file>
         <name>raise.obj</name>
      </input_file>
      <input_file id="fl-17c">
         <path>C:\ti\ccsv5\tools\compiler\arm_5.1.1\lib\</path>
         <kind>archive</kind>
         <file>rtsv7M4_T_le_v4SPD16_eabi.lib</file>
         <name>signal.obj</name>
      </input_file>
      <input_file id="fl-17d">
         <path>C:\ti\TivaWare_C_Series-2.0.1.11577\examples\boards\ek-tm4c123gxl-boostxl-senshub\compdcm_mpu9150\ccs\..\..\..\..\..\driverlib\ccs\Debug\</path>
         <kind>archive</kind>
         <file>driverlib.lib</file>
         <name>i2c.obj</name>
      </input_file>
   </input_file_list>
   <object_component_list>
      <object_component id="oc-e">
         <name>.intvecs</name>
         <load_address>0x0</load_address>
         <run_address>0x0</run_address>
         <size>0x26c</size>
         <input_file_ref idref="fl-4"/>
      </object_component>
      <object_component id="oc-292">
         <name>.text</name>
         <load_address>0x26c</load_address>
         <run_address>0x26c</run_address>
         <size>0xe8c</size>
         <input_file_ref idref="fl-13f"/>
      </object_component>
      <object_component id="oc-df">
         <name>.text:main</name>
         <load_address>0x10f8</load_address>
         <run_address>0x10f8</run_address>
         <size>0x765</size>
         <input_file_ref idref="fl-5"/>
      </object_component>
      <object_component id="oc-30">
         <name>.text:FaultISR</name>
         <load_address>0x185e</load_address>
         <run_address>0x185e</run_address>
         <size>0x2</size>
         <input_file_ref idref="fl-4"/>
      </object_component>
      <object_component id="oc-45a">
         <name>.text</name>
         <load_address>0x1860</load_address>
         <run_address>0x1860</run_address>
         <size>0x3cc</size>
         <input_file_ref idref="fl-163"/>
      </object_component>
      <object_component id="oc-339">
         <name>.text</name>
         <load_address>0x1c2c</load_address>
         <run_address>0x1c2c</run_address>
         <size>0x310</size>
         <input_file_ref idref="fl-14f"/>
      </object_component>
      <object_component id="oc-477">
         <name>.text</name>
         <load_address>0x1f3c</load_address>
         <run_address>0x1f3c</run_address>
         <size>0x2d4</size>
         <input_file_ref idref="fl-158"/>
      </object_component>
      <object_component id="oc-1f3">
         <name>.text:CompDCMUpdate</name>
         <load_address>0x2210</load_address>
         <run_address>0x2210</run_address>
         <size>0x294</size>
         <input_file_ref idref="fl-16d"/>
      </object_component>
      <object_component id="oc-34c">
         <name>.text</name>
         <load_address>0x24a4</load_address>
         <run_address>0x24a4</run_address>
         <size>0x1f4</size>
         <input_file_ref idref="fl-15a"/>
      </object_component>
      <object_component id="oc-1fd">
         <name>.text:CompDCMComputeQuaternion</name>
         <load_address>0x2698</load_address>
         <run_address>0x2698</run_address>
         <size>0x1c8</size>
         <input_file_ref idref="fl-16d"/>
      </object_component>
      <object_component id="oc-45f">
         <name>.text</name>
         <load_address>0x2860</load_address>
         <run_address>0x2860</run_address>
         <size>0x1c0</size>
         <input_file_ref idref="fl-162"/>
      </object_component>
      <object_component id="oc-308">
         <name>.text</name>
         <load_address>0x2a20</load_address>
         <run_address>0x2a20</run_address>
         <size>0x1b6</size>
         <input_file_ref idref="fl-146"/>
      </object_component>
      <object_component id="oc-35">
         <name>.text:IntDefaultHandler</name>
         <load_address>0x2bd6</load_address>
         <run_address>0x2bd6</run_address>
         <size>0x2</size>
         <input_file_ref idref="fl-4"/>
      </object_component>
      <object_component id="oc-11e">
         <name>.text:MPU9150Callback</name>
         <load_address>0x2bd8</load_address>
         <run_address>0x2bd8</run_address>
         <size>0x180</size>
         <input_file_ref idref="fl-16b"/>
      </object_component>
      <object_component id="oc-3f">
         <name>.text:UARTStdioIntHandler</name>
         <load_address>0x2d58</load_address>
         <run_address>0x2d58</run_address>
         <size>0x15c</size>
         <input_file_ref idref="fl-3"/>
      </object_component>
      <object_component id="oc-358">
         <name>.text</name>
         <load_address>0x2eb4</load_address>
         <run_address>0x2eb4</run_address>
         <size>0x136</size>
         <input_file_ref idref="fl-148"/>
      </object_component>
      <object_component id="oc-2b">
         <name>.text:NmiSR</name>
         <load_address>0x2fea</load_address>
         <run_address>0x2fea</run_address>
         <size>0x2</size>
         <input_file_ref idref="fl-4"/>
      </object_component>
      <object_component id="oc-28d">
         <name>.text</name>
         <load_address>0x2fec</load_address>
         <run_address>0x2fec</run_address>
         <size>0x134</size>
         <input_file_ref idref="fl-14c"/>
      </object_component>
      <object_component id="oc-2ad">
         <name>.text:GPIOPadConfigSet</name>
         <load_address>0x3120</load_address>
         <run_address>0x3120</run_address>
         <size>0x130</size>
         <input_file_ref idref="fl-169"/>
      </object_component>
      <object_component id="oc-197">
         <name>.text:RGBInit</name>
         <load_address>0x3250</load_address>
         <run_address>0x3250</run_address>
         <size>0x100</size>
         <input_file_ref idref="fl-2"/>
      </object_component>
      <object_component id="oc-2e2">
         <name>.text</name>
         <load_address>0x3350</load_address>
         <run_address>0x3350</run_address>
         <size>0xfc</size>
         <input_file_ref idref="fl-149"/>
      </object_component>
      <object_component id="oc-c3">
         <name>.text:I2CMIntHandler</name>
         <load_address>0x344c</load_address>
         <run_address>0x344c</run_address>
         <size>0xf2</size>
         <input_file_ref idref="fl-16c"/>
      </object_component>
      <object_component id="oc-3e3">
         <name>.text</name>
         <load_address>0x3540</load_address>
         <run_address>0x3540</run_address>
         <size>0xdc</size>
         <input_file_ref idref="fl-160"/>
      </object_component>
      <object_component id="oc-312">
         <name>.text</name>
         <load_address>0x361c</load_address>
         <run_address>0x361c</run_address>
         <size>0xd8</size>
         <input_file_ref idref="fl-170"/>
      </object_component>
      <object_component id="oc-2d0">
         <name>.text:SysCtlClockGet</name>
         <load_address>0x36f4</load_address>
         <run_address>0x36f4</run_address>
         <size>0xc8</size>
         <input_file_ref idref="fl-167"/>
      </object_component>
      <object_component id="oc-d0">
         <name>.text:RGBEnable</name>
         <load_address>0x37bc</load_address>
         <run_address>0x37bc</run_address>
         <size>0xc0</size>
         <input_file_ref idref="fl-2"/>
      </object_component>
      <object_component id="oc-334">
         <name>.text</name>
         <load_address>0x387c</load_address>
         <run_address>0x387c</run_address>
         <size>0xc0</size>
         <input_file_ref idref="fl-15e"/>
      </object_component>
      <object_component id="oc-1ec">
         <name>.text:CompDCMStart</name>
         <load_address>0x393c</load_address>
         <run_address>0x393c</run_address>
         <size>0xb0</size>
         <input_file_ref idref="fl-16d"/>
      </object_component>
      <object_component id="oc-317">
         <name>.text</name>
         <load_address>0x39ec</load_address>
         <run_address>0x39ec</run_address>
         <size>0xb0</size>
         <input_file_ref idref="fl-16f"/>
      </object_component>
      <object_component id="oc-32f">
         <name>.text</name>
         <load_address>0x3a9c</load_address>
         <run_address>0x3a9c</run_address>
         <size>0xac</size>
         <input_file_ref idref="fl-15d"/>
      </object_component>
      <object_component id="oc-2c0">
         <name>.text:MPU9150AppErrorHandler</name>
         <load_address>0x3b48</load_address>
         <run_address>0x3b48</run_address>
         <size>0xa8</size>
         <input_file_ref idref="fl-5"/>
      </object_component>
      <object_component id="oc-ad">
         <name>.text:UARTwrite</name>
         <load_address>0x3bf0</load_address>
         <run_address>0x3bf0</run_address>
         <size>0xa8</size>
         <input_file_ref idref="fl-3"/>
      </object_component>
      <object_component id="oc-3d1">
         <name>.text</name>
         <load_address>0x3c98</load_address>
         <run_address>0x3c98</run_address>
         <size>0xa8</size>
         <input_file_ref idref="fl-174"/>
      </object_component>
      <object_component id="oc-1d8">
         <name>.text:MPU9150DataMagnetoGetFloat</name>
         <load_address>0x3d40</load_address>
         <run_address>0x3d40</run_address>
         <size>0xa4</size>
         <input_file_ref idref="fl-16b"/>
      </object_component>
      <object_component id="oc-1bf">
         <name>.text:MPU9150Write</name>
         <load_address>0x3de4</load_address>
         <run_address>0x3de4</run_address>
         <size>0xa0</size>
         <input_file_ref idref="fl-16b"/>
      </object_component>
      <object_component id="oc-288">
         <name>.text</name>
         <load_address>0x3e84</load_address>
         <run_address>0x3e84</run_address>
         <size>0x9c</size>
         <input_file_ref idref="fl-14b"/>
      </object_component>
      <object_component id="oc-62">
         <name>.text</name>
         <load_address>0x3f20</load_address>
         <run_address>0x3f20</run_address>
         <size>0x9c</size>
         <input_file_ref idref="fl-13a"/>
      </object_component>
      <object_component id="oc-180">
         <name>.text:I2CMStateIdle</name>
         <load_address>0x3fbc</load_address>
         <run_address>0x3fbc</run_address>
         <size>0x98</size>
         <input_file_ref idref="fl-16c"/>
      </object_component>
      <object_component id="oc-4b0">
         <name>.text</name>
         <load_address>0x4054</load_address>
         <run_address>0x4054</run_address>
         <size>0x98</size>
         <input_file_ref idref="fl-164"/>
      </object_component>
      <object_component id="oc-51">
         <name>.text</name>
         <load_address>0x40ec</load_address>
         <run_address>0x40ec</run_address>
         <size>0x94</size>
         <input_file_ref idref="fl-142"/>
      </object_component>
      <object_component id="oc-19c">
         <name>.text:RGBColorSet</name>
         <load_address>0x4180</load_address>
         <run_address>0x4180</run_address>
         <size>0x90</size>
         <input_file_ref idref="fl-2"/>
      </object_component>
      <object_component id="oc-a3">
         <name>.text:UARTPrimeTransmit</name>
         <load_address>0x4210</load_address>
         <run_address>0x4210</run_address>
         <size>0x8c</size>
         <input_file_ref idref="fl-3"/>
      </object_component>
      <object_component id="oc-119">
         <name>.text:I2CMCommand</name>
         <load_address>0x429c</load_address>
         <run_address>0x429c</run_address>
         <size>0x84</size>
         <input_file_ref idref="fl-16c"/>
      </object_component>
      <object_component id="oc-354">
         <name>.text:__aeabi_cdcmple</name>
         <load_address>0x4320</load_address>
         <run_address>0x4320</run_address>
         <size>0x7e</size>
         <input_file_ref idref="fl-147"/>
      </object_component>
      <object_component id="oc-35c">
         <name>.text:__aeabi_cdrcmple</name>
         <load_address>0x439e</load_address>
         <run_address>0x439e</run_address>
         <size>0x7e</size>
         <input_file_ref idref="fl-147"/>
      </object_component>
      <object_component id="oc-1ce">
         <name>.text:MPU9150DataAccelGetFloat</name>
         <load_address>0x441c</load_address>
         <run_address>0x441c</run_address>
         <size>0x78</size>
         <input_file_ref idref="fl-16b"/>
      </object_component>
      <object_component id="oc-1d3">
         <name>.text:MPU9150DataGyroGetFloat</name>
         <load_address>0x4494</load_address>
         <run_address>0x4494</run_address>
         <size>0x78</size>
         <input_file_ref idref="fl-16b"/>
      </object_component>
      <object_component id="oc-1c9">
         <name>.text:RGBBlinkRateSet</name>
         <load_address>0x450c</load_address>
         <run_address>0x450c</run_address>
         <size>0x78</size>
         <input_file_ref idref="fl-2"/>
      </object_component>
      <object_component id="oc-36d">
         <name>.text</name>
         <load_address>0x4584</load_address>
         <run_address>0x4584</run_address>
         <size>0x78</size>
         <input_file_ref idref="fl-153"/>
      </object_component>
      <object_component id="oc-192">
         <name>.text</name>
         <load_address>0x45fc</load_address>
         <run_address>0x45fc</run_address>
         <size>0x70</size>
         <input_file_ref idref="fl-13b"/>
      </object_component>
      <object_component id="oc-1b5">
         <name>.text:MPU9150Init</name>
         <load_address>0x466c</load_address>
         <run_address>0x466c</run_address>
         <size>0x6c</size>
         <input_file_ref idref="fl-16b"/>
      </object_component>
      <object_component id="oc-cb">
         <name>.text:RGBDisable</name>
         <load_address>0x46d8</load_address>
         <run_address>0x46d8</run_address>
         <size>0x68</size>
         <input_file_ref idref="fl-2"/>
      </object_component>
      <object_component id="oc-21b">
         <name>.text:IntIsEnabled</name>
         <load_address>0x4740</load_address>
         <run_address>0x4740</run_address>
         <size>0x64</size>
         <input_file_ref idref="fl-168"/>
      </object_component>
      <object_component id="oc-3de">
         <name>.text</name>
         <load_address>0x47a4</load_address>
         <run_address>0x47a4</run_address>
         <size>0x64</size>
         <input_file_ref idref="fl-15f"/>
      </object_component>
      <object_component id="oc-220">
         <name>.text:IntDisable</name>
         <load_address>0x4808</load_address>
         <run_address>0x4808</run_address>
         <size>0x60</size>
         <input_file_ref idref="fl-168"/>
      </object_component>
      <object_component id="oc-22a">
         <name>.text:IntEnable</name>
         <load_address>0x4868</load_address>
         <run_address>0x4868</run_address>
         <size>0x60</size>
         <input_file_ref idref="fl-168"/>
      </object_component>
      <object_component id="oc-91">
         <name>.text:MPU9150DataRead</name>
         <load_address>0x48c8</load_address>
         <run_address>0x48c8</run_address>
         <size>0x60</size>
         <input_file_ref idref="fl-16b"/>
      </object_component>
      <object_component id="oc-4c0">
         <name>.text</name>
         <load_address>0x4928</load_address>
         <run_address>0x4928</run_address>
         <size>0x60</size>
         <input_file_ref idref="fl-159"/>
      </object_component>
      <object_component id="oc-171">
         <name>.text:I2CMStateWritePause</name>
         <load_address>0x4988</load_address>
         <run_address>0x4988</run_address>
         <size>0x5e</size>
         <input_file_ref idref="fl-16c"/>
      </object_component>
      <object_component id="oc-74">
         <name>.text</name>
         <load_address>0x49e6</load_address>
         <run_address>0x49e6</run_address>
         <size>0x5e</size>
         <input_file_ref idref="fl-136"/>
      </object_component>
      <object_component id="oc-364">
         <name>.text</name>
         <load_address>0x4a44</load_address>
         <run_address>0x4a44</run_address>
         <size>0x5a</size>
         <input_file_ref idref="fl-150"/>
      </object_component>
      <object_component id="oc-2c8">
         <name>.text:I2CMWrite8</name>
         <load_address>0x4aa0</load_address>
         <run_address>0x4aa0</run_address>
         <size>0x58</size>
         <input_file_ref idref="fl-16c"/>
      </object_component>
      <object_component id="oc-2ee">
         <name>.text:VectorCrossProduct</name>
         <load_address>0x4af8</load_address>
         <run_address>0x4af8</run_address>
         <size>0x56</size>
         <input_file_ref idref="fl-16e"/>
      </object_component>
      <object_component id="oc-2d5">
         <name>.text</name>
         <load_address>0x4b4e</load_address>
         <run_address>0x4b4e</run_address>
         <size>0x50</size>
         <input_file_ref idref="fl-139"/>
      </object_component>
      <object_component id="oc-176">
         <name>.text:I2CMStateWriteFinal</name>
         <load_address>0x4b9e</load_address>
         <run_address>0x4b9e</run_address>
         <size>0x4e</size>
         <input_file_ref idref="fl-16c"/>
      </object_component>
      <object_component id="oc-37b">
         <name>.text</name>
         <load_address>0x4bec</load_address>
         <run_address>0x4bec</run_address>
         <size>0x4c</size>
         <input_file_ref idref="fl-141"/>
      </object_component>
      <object_component id="oc-2e6">
         <name>.text</name>
         <load_address>0x4c38</load_address>
         <run_address>0x4c38</run_address>
         <size>0x4a</size>
         <input_file_ref idref="fl-171"/>
      </object_component>
      <object_component id="oc-162">
         <name>.text:I2CMStateReadNext</name>
         <load_address>0x4c82</load_address>
         <run_address>0x4c82</run_address>
         <size>0x48</size>
         <input_file_ref idref="fl-16c"/>
      </object_component>
      <object_component id="oc-2b4">
         <name>.text:I2CMasterInitExpClk</name>
         <load_address>0x4ccc</load_address>
         <run_address>0x4ccc</run_address>
         <size>0x48</size>
         <input_file_ref idref="fl-17d"/>
      </object_component>
      <object_component id="oc-10">
         <name>.text</name>
         <load_address>0x4d14</load_address>
         <run_address>0x4d14</run_address>
         <size>0x48</size>
         <input_file_ref idref="fl-134"/>
      </object_component>
      <object_component id="oc-360">
         <name>.text</name>
         <load_address>0x4d5c</load_address>
         <run_address>0x4d5c</run_address>
         <size>0x48</size>
         <input_file_ref idref="fl-14a"/>
      </object_component>
      <object_component id="oc-17b">
         <name>.text:I2CMStateWriteNext</name>
         <load_address>0x4da4</load_address>
         <run_address>0x4da4</run_address>
         <size>0x46</size>
         <input_file_ref idref="fl-16c"/>
      </object_component>
      <object_component id="oc-1c4">
         <name>.text:CompDCMInit</name>
         <load_address>0x4dec</load_address>
         <run_address>0x4dec</run_address>
         <size>0x44</size>
         <input_file_ref idref="fl-16d"/>
      </object_component>
      <object_component id="oc-14e">
         <name>.text:I2CMStateCallback</name>
         <load_address>0x4e30</load_address>
         <run_address>0x4e30</run_address>
         <size>0x44</size>
         <input_file_ref idref="fl-16c"/>
      </object_component>
      <object_component id="oc-d9">
         <name>.text</name>
         <load_address>0x4e74</load_address>
         <run_address>0x4e74</run_address>
         <size>0x44</size>
         <input_file_ref idref="fl-143"/>
      </object_component>
      <object_component id="oc-5a">
         <name>.text</name>
         <load_address>0x4eb8</load_address>
         <run_address>0x4eb8</run_address>
         <size>0x44</size>
         <input_file_ref idref="fl-138"/>
      </object_component>
      <object_component id="oc-418">
         <name>.text</name>
         <load_address>0x4efc</load_address>
         <run_address>0x4efc</run_address>
         <size>0x44</size>
         <input_file_ref idref="fl-15c"/>
      </object_component>
      <object_component id="oc-1f8">
         <name>.text:CompDCMComputeEulers</name>
         <load_address>0x4f40</load_address>
         <run_address>0x4f40</run_address>
         <size>0x42</size>
         <input_file_ref idref="fl-16d"/>
      </object_component>
      <object_component id="oc-4d6">
         <name>.text</name>
         <load_address>0x4f84</load_address>
         <run_address>0x4f84</run_address>
         <size>0x40</size>
         <input_file_ref idref="fl-17c"/>
      </object_component>
      <object_component id="oc-15d">
         <name>.text:I2CMStateReadFinal</name>
         <load_address>0x4fc4</load_address>
         <run_address>0x4fc4</run_address>
         <size>0x3e</size>
         <input_file_ref idref="fl-16c"/>
      </object_component>
      <object_component id="oc-158">
         <name>.text:I2CMStateReadPause</name>
         <load_address>0x5002</load_address>
         <run_address>0x5002</run_address>
         <size>0x3e</size>
         <input_file_ref idref="fl-16c"/>
      </object_component>
      <object_component id="oc-3a6">
         <name>.text:I2CMWrite8Callback</name>
         <load_address>0x5040</load_address>
         <run_address>0x5040</run_address>
         <size>0x38</size>
         <input_file_ref idref="fl-16c"/>
      </object_component>
      <object_component id="oc-49">
         <name>.text:RGBBlinkIntHandler</name>
         <load_address>0x5078</load_address>
         <run_address>0x5078</run_address>
         <size>0x38</size>
         <input_file_ref idref="fl-2"/>
      </object_component>
      <object_component id="oc-2de">
         <name>.text</name>
         <load_address>0x50b0</load_address>
         <run_address>0x50b0</run_address>
         <size>0x38</size>
         <input_file_ref idref="fl-172"/>
      </object_component>
      <object_component id="oc-1b0">
         <name>.text:I2CMInit</name>
         <load_address>0x50e8</load_address>
         <run_address>0x50e8</run_address>
         <size>0x34</size>
         <input_file_ref idref="fl-16c"/>
      </object_component>
      <object_component id="oc-3a">
         <name>.text:IntGPIOb</name>
         <load_address>0x511c</load_address>
         <run_address>0x511c</run_address>
         <size>0x34</size>
         <input_file_ref idref="fl-5"/>
      </object_component>
      <object_component id="oc-43e">
         <name>.text</name>
         <load_address>0x5150</load_address>
         <run_address>0x5150</run_address>
         <size>0x34</size>
         <input_file_ref idref="fl-17a"/>
      </object_component>
      <object_component id="oc-3cb">
         <name>.text</name>
         <load_address>0x5184</load_address>
         <run_address>0x5184</run_address>
         <size>0x34</size>
         <input_file_ref idref="fl-176"/>
      </object_component>
      <object_component id="oc-303">
         <name>.text:VectorAdd</name>
         <load_address>0x51b8</load_address>
         <run_address>0x51b8</run_address>
         <size>0x32</size>
         <input_file_ref idref="fl-16e"/>
      </object_component>
      <object_component id="oc-433">
         <name>.text:I2CMTransferResume</name>
         <load_address>0x51ea</load_address>
         <run_address>0x51ea</run_address>
         <size>0x30</size>
         <input_file_ref idref="fl-16c"/>
      </object_component>
      <object_component id="oc-3f8">
         <name>.text</name>
         <load_address>0x521a</load_address>
         <run_address>0x521a</run_address>
         <size>0x30</size>
         <input_file_ref idref="fl-157"/>
      </object_component>
      <object_component id="oc-3bf">
         <name>.text</name>
         <load_address>0x524c</load_address>
         <run_address>0x524c</run_address>
         <size>0x30</size>
         <input_file_ref idref="fl-177"/>
      </object_component>
      <object_component id="oc-369">
         <name>.text</name>
         <load_address>0x527c</load_address>
         <run_address>0x527c</run_address>
         <size>0x2e</size>
         <input_file_ref idref="fl-14d"/>
      </object_component>
      <object_component id="oc-49c">
         <name>.text</name>
         <load_address>0x52aa</load_address>
         <run_address>0x52aa</run_address>
         <size>0x2e</size>
         <input_file_ref idref="fl-17b"/>
      </object_component>
      <object_component id="oc-1ba">
         <name>.text:MPU9150AppI2CWait</name>
         <load_address>0x52d8</load_address>
         <run_address>0x52d8</run_address>
         <size>0x2c</size>
         <input_file_ref idref="fl-5"/>
      </object_component>
      <object_component id="oc-2a8">
         <name>.text:GPIODirModeSet</name>
         <load_address>0x5304</load_address>
         <run_address>0x5304</run_address>
         <size>0x2a</size>
         <input_file_ref idref="fl-169"/>
      </object_component>
      <object_component id="oc-167">
         <name>.text:I2CMStateReadFirst</name>
         <load_address>0x532e</load_address>
         <run_address>0x532e</run_address>
         <size>0x2a</size>
         <input_file_ref idref="fl-16c"/>
      </object_component>
      <object_component id="oc-2f3">
         <name>.text:VectorDotProduct</name>
         <load_address>0x5358</load_address>
         <run_address>0x5358</run_address>
         <size>0x26</size>
         <input_file_ref idref="fl-16e"/>
      </object_component>
      <object_component id="oc-2fd">
         <name>.text:VectorScale</name>
         <load_address>0x537e</load_address>
         <run_address>0x537e</run_address>
         <size>0x26</size>
         <input_file_ref idref="fl-16e"/>
      </object_component>
      <object_component id="oc-2f8">
         <name>.text</name>
         <load_address>0x53a4</load_address>
         <run_address>0x53a4</run_address>
         <size>0x24</size>
         <input_file_ref idref="fl-173"/>
      </object_component>
      <object_component id="oc-16c">
         <name>.text:I2CMStateReadOne</name>
         <load_address>0x53c8</load_address>
         <run_address>0x53c8</run_address>
         <size>0x20</size>
         <input_file_ref idref="fl-16c"/>
      </object_component>
      <object_component id="oc-376">
         <name>.text</name>
         <load_address>0x53e8</load_address>
         <run_address>0x53e8</run_address>
         <size>0x1c</size>
         <input_file_ref idref="fl-151"/>
      </object_component>
      <object_component id="oc-153">
         <name>.text:I2CMStateReadWait</name>
         <load_address>0x5404</load_address>
         <run_address>0x5404</run_address>
         <size>0x18</size>
         <input_file_ref idref="fl-16c"/>
      </object_component>
      <object_component id="oc-b2">
         <name>.text:IsBufferFull</name>
         <load_address>0x541c</load_address>
         <run_address>0x541c</run_address>
         <size>0x18</size>
         <input_file_ref idref="fl-3"/>
      </object_component>
      <object_component id="oc-98">
         <name>.text:MPU9150AppCallback</name>
         <load_address>0x5434</load_address>
         <run_address>0x5434</run_address>
         <size>0x18</size>
         <input_file_ref idref="fl-5"/>
      </object_component>
      <object_component id="oc-55">
         <name>.text</name>
         <load_address>0x544c</load_address>
         <run_address>0x544c</run_address>
         <size>0x18</size>
         <input_file_ref idref="fl-140"/>
      </object_component>
      <object_component id="oc-350">
         <name>.text</name>
         <load_address>0x5464</load_address>
         <run_address>0x5464</run_address>
         <size>0x18</size>
         <input_file_ref idref="fl-14e"/>
      </object_component>
      <object_component id="oc-3ee">
         <name>.text</name>
         <load_address>0x547c</load_address>
         <run_address>0x547c</run_address>
         <size>0x18</size>
         <input_file_ref idref="fl-155"/>
      </object_component>
      <object_component id="oc-345">
         <name>.text</name>
         <load_address>0x5494</load_address>
         <run_address>0x5494</run_address>
         <size>0x16</size>
         <input_file_ref idref="fl-152"/>
      </object_component>
      <object_component id="oc-3f3">
         <name>.text</name>
         <load_address>0x54aa</load_address>
         <run_address>0x54aa</run_address>
         <size>0x16</size>
         <input_file_ref idref="fl-154"/>
      </object_component>
      <object_component id="oc-1a1">
         <name>.text:RGBIntensitySet</name>
         <load_address>0x54c0</load_address>
         <run_address>0x54c0</run_address>
         <size>0x14</size>
         <input_file_ref idref="fl-2"/>
      </object_component>
      <object_component id="oc-20d">
         <name>.text</name>
         <load_address>0x54d4</load_address>
         <run_address>0x54d4</run_address>
         <size>0x14</size>
         <input_file_ref idref="fl-13e"/>
      </object_component>
      <object_component id="oc-340">
         <name>.text</name>
         <load_address>0x54e8</load_address>
         <run_address>0x54e8</run_address>
         <size>0x14</size>
         <input_file_ref idref="fl-156"/>
      </object_component>
      <object_component id="oc-1a6">
         <name>.text:GPIOPinTypeI2CSCL</name>
         <load_address>0x54fc</load_address>
         <run_address>0x54fc</run_address>
         <size>0x12</size>
         <input_file_ref idref="fl-169"/>
      </object_component>
      <object_component id="oc-19">
         <name>.text:decompress:ZI</name>
         <load_address>0x550e</load_address>
         <run_address>0x550e</run_address>
         <size>0x12</size>
         <input_file_ref idref="fl-137"/>
      </object_component>
      <object_component id="oc-371">
         <name>.text</name>
         <load_address>0x5520</load_address>
         <run_address>0x5520</run_address>
         <size>0x12</size>
         <input_file_ref idref="fl-15b"/>
      </object_component>
      <object_component id="oc-4c5">
         <name>.text</name>
         <load_address>0x5532</load_address>
         <run_address>0x5532</run_address>
         <size>0x10</size>
         <input_file_ref idref="fl-161"/>
      </object_component>
      <object_component id="oc-1e2">
         <name>.text:CompDCMAccelUpdate</name>
         <load_address>0x5542</load_address>
         <run_address>0x5542</run_address>
         <size>0xe</size>
         <input_file_ref idref="fl-16d"/>
      </object_component>
      <object_component id="oc-1e7">
         <name>.text:CompDCMGyroUpdate</name>
         <load_address>0x5550</load_address>
         <run_address>0x5550</run_address>
         <size>0xe</size>
         <input_file_ref idref="fl-16d"/>
      </object_component>
      <object_component id="oc-1dd">
         <name>.text:CompDCMMagnetoUpdate</name>
         <load_address>0x555e</load_address>
         <run_address>0x555e</run_address>
         <size>0xe</size>
         <input_file_ref idref="fl-16d"/>
      </object_component>
      <object_component id="oc-87">
         <name>.text:GPIOIntStatus</name>
         <load_address>0x556c</load_address>
         <run_address>0x556c</run_address>
         <size>0xe</size>
         <input_file_ref idref="fl-169"/>
      </object_component>
      <object_component id="oc-a8">
         <name>.text:IsBufferEmpty</name>
         <load_address>0x557a</load_address>
         <run_address>0x557a</run_address>
         <size>0xe</size>
         <input_file_ref idref="fl-3"/>
      </object_component>
      <object_component id="oc-14">
         <name>.text:decompress:none</name>
         <load_address>0x5588</load_address>
         <run_address>0x5588</run_address>
         <size>0xe</size>
         <input_file_ref idref="fl-135"/>
      </object_component>
      <object_component id="oc-30c">
         <name>.text</name>
         <load_address>0x5596</load_address>
         <run_address>0x5596</run_address>
         <size>0xe</size>
         <input_file_ref idref="fl-175"/>
      </object_component>
      <object_component id="oc-1ab">
         <name>.text:GPIOIntEnable</name>
         <load_address>0x55a4</load_address>
         <run_address>0x55a4</run_address>
         <size>0xc</size>
         <input_file_ref idref="fl-169"/>
      </object_component>
      <object_component id="oc-225">
         <name>.text:IntTrigger</name>
         <load_address>0x55b0</load_address>
         <run_address>0x55b0</run_address>
         <size>0xc</size>
         <input_file_ref idref="fl-168"/>
      </object_component>
      <object_component id="oc-44">
         <name>.text:MPU9150I2CIntHandler</name>
         <load_address>0x55bc</load_address>
         <run_address>0x55bc</run_address>
         <size>0xc</size>
         <input_file_ref idref="fl-5"/>
      </object_component>
      <object_component id="oc-39c">
         <name>.text:I2CMasterEnable</name>
         <load_address>0x55c8</load_address>
         <run_address>0x55c8</run_address>
         <size>0xa</size>
         <input_file_ref idref="fl-17d"/>
      </object_component>
      <object_component id="oc-144">
         <name>.text:I2CMasterIntClear</name>
         <load_address>0x55d2</load_address>
         <run_address>0x55d2</run_address>
         <size>0x8</size>
         <input_file_ref idref="fl-17d"/>
      </object_component>
      <object_component id="oc-2b9">
         <name>.text:I2CMasterIntEnableEx</name>
         <load_address>0x55da</load_address>
         <run_address>0x55da</run_address>
         <size>0x8</size>
         <input_file_ref idref="fl-17d"/>
      </object_component>
      <object_component id="oc-265">
         <name>.text:I2CMasterSlaveAddrSet</name>
         <load_address>0x55e2</load_address>
         <run_address>0x55e2</run_address>
         <size>0x8</size>
         <input_file_ref idref="fl-17d"/>
      </object_component>
      <object_component id="oc-8c">
         <name>.text:GPIOIntClear</name>
         <load_address>0x55ea</load_address>
         <run_address>0x55ea</run_address>
         <size>0x6</size>
         <input_file_ref idref="fl-169"/>
      </object_component>
      <object_component id="oc-26">
         <name>.text:ResetISR</name>
         <load_address>0x55f0</load_address>
         <run_address>0x55f0</run_address>
         <size>0x6</size>
         <input_file_ref idref="fl-4"/>
      </object_component>
      <object_component id="oc-1e">
         <name>.text:decompress:rle24</name>
         <load_address>0x55f6</load_address>
         <run_address>0x55f6</run_address>
         <size>0x6</size>
         <input_file_ref idref="fl-136"/>
      </object_component>
      <object_component id="oc-149">
         <name>.text:I2CMasterControl</name>
         <load_address>0x55fc</load_address>
         <run_address>0x55fc</run_address>
         <size>0x4</size>
         <input_file_ref idref="fl-17d"/>
      </object_component>
      <object_component id="oc-25c">
         <name>.text:I2CMasterDataGet</name>
         <load_address>0x5600</load_address>
         <run_address>0x5600</run_address>
         <size>0x4</size>
         <input_file_ref idref="fl-17d"/>
      </object_component>
      <object_component id="oc-26c">
         <name>.text:I2CMasterDataPut</name>
         <load_address>0x5604</load_address>
         <run_address>0x5604</run_address>
         <size>0x4</size>
         <input_file_ref idref="fl-17d"/>
      </object_component>
      <object_component id="oc-420">
         <name>.const:.string:_ctypes_</name>
         <load_address>0x5608</load_address>
         <run_address>0x5608</run_address>
         <size>0x102</size>
         <input_file_ref idref="fl-144"/>
      </object_component>
      <object_component id="oc-323">
         <name>.const</name>
         <load_address>0x570c</load_address>
         <run_address>0x570c</run_address>
         <size>0x70</size>
         <input_file_ref idref="fl-168"/>
      </object_component>
      <object_component id="oc-3b3">
         <name>.const:g_pui32Xtals</name>
         <load_address>0x577c</load_address>
         <run_address>0x577c</run_address>
         <size>0x6c</size>
         <input_file_ref idref="fl-167"/>
      </object_component>
      <object_component id="oc-451">
         <name>.const</name>
         <load_address>0x57e8</load_address>
         <run_address>0x57e8</run_address>
         <size>0x34</size>
         <input_file_ref idref="fl-174"/>
      </object_component>
      <object_component id="oc-136">
         <name>.const</name>
         <load_address>0x581c</load_address>
         <run_address>0x581c</run_address>
         <size>0x28</size>
         <input_file_ref idref="fl-3"/>
      </object_component>
      <object_component id="oc-2da">
         <name>.const</name>
         <load_address>0x5844</load_address>
         <run_address>0x5844</run_address>
         <size>0x20</size>
         <input_file_ref idref="fl-16b"/>
      </object_component>
      <object_component id="oc-253">
         <name>.const:.string</name>
         <load_address>0x5864</load_address>
         <run_address>0x5864</run_address>
         <size>0x12</size>
         <input_file_ref idref="fl-3"/>
      </object_component>
      <object_component id="oc-52e">
         <name>.cinit..data.load</name>
         <load_address>0x5878</load_address>
         <run_address>0x5878</run_address>
         <size>0xa7</size>
      </object_component>
      <object_component id="oc-52c">
         <name>__TI_handler_table</name>
         <load_address>0x5920</load_address>
         <run_address>0x5920</run_address>
         <size>0xc</size>
      </object_component>
      <object_component id="oc-52f">
         <name>.cinit..bss.load</name>
         <load_address>0x5930</load_address>
         <run_address>0x5930</run_address>
         <size>0x8</size>
      </object_component>
      <object_component id="oc-52d">
         <name>__TI_cinit_table</name>
         <load_address>0x5938</load_address>
         <run_address>0x5938</run_address>
         <size>0x10</size>
      </object_component>
      <object_component id="oc-5f">
         <name>.data</name>
         <load_address>0x20000f90</load_address>
         <run_address>0x20000f90</run_address>
         <size>0x4</size>
         <input_file_ref idref="fl-13c"/>
      </object_component>
      <object_component id="oc-b7">
         <name>.data</name>
         <load_address>0x20000f38</load_address>
         <run_address>0x20000f38</run_address>
         <size>0x15</size>
         <input_file_ref idref="fl-3"/>
      </object_component>
      <object_component id="oc-e6">
         <name>.data</name>
         <load_address>0x20000f6c</load_address>
         <run_address>0x20000f6c</run_address>
         <size>0x8</size>
         <input_file_ref idref="fl-13e"/>
      </object_component>
      <object_component id="oc-e8">
         <name>.data</name>
         <load_address>0x20000f74</load_address>
         <run_address>0x20000f74</run_address>
         <size>0x8</size>
         <input_file_ref idref="fl-138"/>
      </object_component>
      <object_component id="oc-297">
         <name>.data:_ftable</name>
         <load_address>0x20000c60</load_address>
         <run_address>0x20000c60</run_address>
         <size>0xf0</size>
         <input_file_ref idref="fl-145"/>
      </object_component>
      <object_component id="oc-2a2">
         <name>.data</name>
         <load_address>0x20000f84</load_address>
         <run_address>0x20000f84</run_address>
         <size>0x4</size>
         <input_file_ref idref="fl-2"/>
      </object_component>
      <object_component id="oc-3c4">
         <name>.data</name>
         <load_address>0x20000ed0</load_address>
         <run_address>0x20000ed0</run_address>
         <size>0x68</size>
         <input_file_ref idref="fl-178"/>
      </object_component>
      <object_component id="oc-3ea">
         <name>.data</name>
         <load_address>0x20000f50</load_address>
         <run_address>0x20000f50</run_address>
         <size>0x10</size>
         <input_file_ref idref="fl-145"/>
      </object_component>
      <object_component id="oc-3fd">
         <name>.data</name>
         <load_address>0x20000d50</load_address>
         <run_address>0x20000d50</run_address>
         <size>0xd0</size>
         <input_file_ref idref="fl-14f"/>
      </object_component>
      <object_component id="oc-443">
         <name>.data</name>
         <load_address>0x20000f88</load_address>
         <run_address>0x20000f88</run_address>
         <size>0x4</size>
         <input_file_ref idref="fl-179"/>
      </object_component>
      <object_component id="oc-4a1">
         <name>.data</name>
         <load_address>0x20000f7c</load_address>
         <run_address>0x20000f7c</run_address>
         <size>0x8</size>
         <input_file_ref idref="fl-17a"/>
      </object_component>
      <object_component id="oc-4ad">
         <name>.data</name>
         <load_address>0x20000f60</load_address>
         <run_address>0x20000f60</run_address>
         <size>0xc</size>
         <input_file_ref idref="fl-163"/>
      </object_component>
      <object_component id="oc-4b5">
         <name>.data</name>
         <load_address>0x20000f8c</load_address>
         <run_address>0x20000f8c</run_address>
         <size>0x4</size>
         <input_file_ref idref="fl-162"/>
      </object_component>
      <object_component id="oc-4f7">
         <name>.data:sigtable</name>
         <load_address>0x20000e20</load_address>
         <run_address>0x20000e20</run_address>
         <size>0xb0</size>
         <input_file_ref idref="fl-17c"/>
      </object_component>
      <object_component id="oc-96">
         <name>.bss:g_sMPU9150Inst</name>
         <uninitialized>true</uninitialized>
         <run_address>0x20000764</run_address>
         <size>0x6c</size>
         <input_file_ref idref="fl-5"/>
      </object_component>
      <object_component id="oc-bb">
         <name>.bss:g_pcUARTRxBuffer</name>
         <uninitialized>true</uninitialized>
         <run_address>0x200006e4</run_address>
         <size>0x80</size>
         <input_file_ref idref="fl-3"/>
      </object_component>
      <object_component id="oc-c8">
         <name>.bss:g_sI2CInst</name>
         <uninitialized>true</uninitialized>
         <run_address>0x20000400</run_address>
         <size>0x124</size>
         <input_file_ref idref="fl-5"/>
      </object_component>
      <object_component id="oc-138">
         <name>.bss:g_pcUARTTxBuffer</name>
         <uninitialized>true</uninitialized>
         <run_address>0x20000000</run_address>
         <size>0x400</size>
         <input_file_ref idref="fl-3"/>
      </object_component>
      <object_component id="oc-202">
         <name>.bss:g_sCompDCMInst</name>
         <uninitialized>true</uninitialized>
         <run_address>0x200007d0</run_address>
         <size>0x58</size>
         <input_file_ref idref="fl-5"/>
      </object_component>
      <object_component id="oc-4e9">
         <name>.bss:__TI_tmpnams</name>
         <uninitialized>true</uninitialized>
         <run_address>0x20000644</run_address>
         <size>0xa0</size>
         <input_file_ref idref="fl-145"/>
      </object_component>
      <object_component id="oc-4ef">
         <name>.bss:__CIOBUF_</name>
         <uninitialized>true</uninitialized>
         <run_address>0x20000524</run_address>
         <size>0x120</size>
         <input_file_ref idref="fl-159"/>
      </object_component>
      <object_component id="oc-2a6">
         <name>.common:g_ui32Colors</name>
         <uninitialized>true</uninitialized>
         <run_address>0x20000834</run_address>
         <size>0xc</size>
      </object_component>
      <object_component id="oc-d5">
         <name>.common:ulFlags$1</name>
         <uninitialized>true</uninitialized>
         <run_address>0x20000858</run_address>
         <size>0x4</size>
      </object_component>
      <object_component id="oc-b9">
         <name>.common:g_bDisableEcho</name>
         <uninitialized>true</uninitialized>
         <run_address>0x2000085c</run_address>
         <size>0x1</size>
      </object_component>
      <object_component id="oc-135">
         <name>.common:g_ui32PortNum</name>
         <uninitialized>true</uninitialized>
         <run_address>0x20000848</run_address>
         <size>0x4</size>
      </object_component>
      <object_component id="oc-3a4">
         <name>.common:g_pui32Colors</name>
         <uninitialized>true</uninitialized>
         <run_address>0x20000828</run_address>
         <size>0xc</size>
      </object_component>
      <object_component id="oc-2c5">
         <name>.common:g_vui8I2CDoneFlag</name>
         <uninitialized>true</uninitialized>
         <run_address>0x20000854</run_address>
         <size>0x4</size>
      </object_component>
      <object_component id="oc-3a3">
         <name>.common:g_vui8ErrorFlag</name>
         <uninitialized>true</uninitialized>
         <run_address>0x20000850</run_address>
         <size>0x4</size>
      </object_component>
      <object_component id="oc-1f1">
         <name>.common:g_ui32PrintSkipCounter</name>
         <uninitialized>true</uninitialized>
         <run_address>0x2000084c</run_address>
         <size>0x4</size>
      </object_component>
      <object_component id="oc-4ca">
         <name>.common:parmbuf</name>
         <uninitialized>true</uninitialized>
         <run_address>0x20000840</run_address>
         <size>0x8</size>
      </object_component>
      <object_component id="oc-24">
         <name>.sysmem</name>
         <uninitialized>true</uninitialized>
         <run_address>0x20000f98</run_address>
         <size>0x8</size>
         <input_file_ref idref="fl-163"/>
      </object_component>
      <object_component id="oc-531">
         <name>.sysmem</name>
         <uninitialized>true</uninitialized>
         <run_address>0x20000f98</run_address>
         <size>0x0</size>
      </object_component>
      <object_component id="oc-23">
         <name>.stack</name>
         <uninitialized>true</uninitialized>
         <run_address>0x20000860</run_address>
         <size>0x0</size>
         <input_file_ref idref="fl-134"/>
      </object_component>
      <object_component id="oc-530">
         <name>.stack</name>
         <uninitialized>true</uninitialized>
         <run_address>0x20000860</run_address>
         <size>0x0</size>
      </object_component>
      <object_component id="oc-f">
         <name>.debug_info</name>
         <load_address>0x0</load_address>
         <run_address>0x0</run_address>
         <size>0xe6</size>
         <input_file_ref idref="fl-4"/>
      </object_component>
      <object_component id="oc-11">
         <name>.debug_info</name>
         <load_address>0xe6</load_address>
         <run_address>0xe6</run_address>
         <size>0xf3</size>
         <input_file_ref idref="fl-134"/>
      </object_component>
      <object_component id="oc-15">
         <name>.debug_info</name>
         <load_address>0x1d9</load_address>
         <run_address>0x1d9</run_address>
         <size>0x194</size>
         <input_file_ref idref="fl-135"/>
      </object_component>
      <object_component id="oc-1d">
         <name>.debug_info</name>
         <load_address>0x36d</load_address>
         <run_address>0x36d</run_address>
         <size>0x16a</size>
         <input_file_ref idref="fl-137"/>
      </object_component>
      <object_component id="oc-22">
         <name>.debug_info</name>
         <load_address>0x4d7</load_address>
         <run_address>0x4d7</run_address>
         <size>0x18e</size>
         <input_file_ref idref="fl-136"/>
      </object_component>
      <object_component id="oc-25">
         <name>.debug_info</name>
         <load_address>0x665</load_address>
         <run_address>0x665</run_address>
         <size>0xb6</size>
         <input_file_ref idref="fl-163"/>
      </object_component>
      <object_component id="oc-27">
         <name>.debug_info</name>
         <load_address>0x71b</load_address>
         <run_address>0x71b</run_address>
         <size>0x116</size>
         <input_file_ref idref="fl-4"/>
      </object_component>
      <object_component id="oc-2c">
         <name>.debug_info</name>
         <load_address>0x831</load_address>
         <run_address>0x831</run_address>
         <size>0x107</size>
         <input_file_ref idref="fl-4"/>
      </object_component>
      <object_component id="oc-31">
         <name>.debug_info</name>
         <load_address>0x938</load_address>
         <run_address>0x938</run_address>
         <size>0x10d</size>
         <input_file_ref idref="fl-4"/>
      </object_component>
      <object_component id="oc-36">
         <name>.debug_info</name>
         <load_address>0xa45</load_address>
         <run_address>0xa45</run_address>
         <size>0x11f</size>
         <input_file_ref idref="fl-4"/>
      </object_component>
      <object_component id="oc-3b">
         <name>.debug_info</name>
         <load_address>0xb64</load_address>
         <run_address>0xb64</run_address>
         <size>0x178</size>
         <input_file_ref idref="fl-5"/>
      </object_component>
      <object_component id="oc-40">
         <name>.debug_info</name>
         <load_address>0xcdc</load_address>
         <run_address>0xcdc</run_address>
         <size>0x2ca</size>
         <input_file_ref idref="fl-3"/>
      </object_component>
      <object_component id="oc-45">
         <name>.debug_info</name>
         <load_address>0xfa6</load_address>
         <run_address>0xfa6</run_address>
         <size>0x14a</size>
         <input_file_ref idref="fl-5"/>
      </object_component>
      <object_component id="oc-4a">
         <name>.debug_info</name>
         <load_address>0x10f0</load_address>
         <run_address>0x10f0</run_address>
         <size>0x262</size>
         <input_file_ref idref="fl-2"/>
      </object_component>
      <object_component id="oc-50">
         <name>.debug_info</name>
         <load_address>0x1352</load_address>
         <run_address>0x1352</run_address>
         <size>0x1a3</size>
         <input_file_ref idref="fl-4"/>
      </object_component>
      <object_component id="oc-53">
         <name>.debug_info</name>
         <load_address>0x14f5</load_address>
         <run_address>0x14f5</run_address>
         <size>0x13d</size>
         <input_file_ref idref="fl-142"/>
      </object_component>
      <object_component id="oc-57">
         <name>.debug_info</name>
         <load_address>0x1632</load_address>
         <run_address>0x1632</run_address>
         <size>0x11c</size>
         <input_file_ref idref="fl-140"/>
      </object_component>
      <object_component id="oc-5b">
         <name>.debug_info</name>
         <load_address>0x174e</load_address>
         <run_address>0x174e</run_address>
         <size>0x1c2</size>
         <input_file_ref idref="fl-138"/>
      </object_component>
      <object_component id="oc-60">
         <name>.debug_info</name>
         <load_address>0x1910</load_address>
         <run_address>0x1910</run_address>
         <size>0xbe</size>
         <input_file_ref idref="fl-13c"/>
      </object_component>
      <object_component id="oc-63">
         <name>.debug_info</name>
         <load_address>0x19ce</load_address>
         <run_address>0x19ce</run_address>
         <size>0xcc</size>
         <input_file_ref idref="fl-13a"/>
      </object_component>
      <object_component id="oc-67">
         <name>.debug_info</name>
         <load_address>0x1a9a</load_address>
         <run_address>0x1a9a</run_address>
         <size>0x46</size>
         <input_file_ref idref="fl-135"/>
      </object_component>
      <object_component id="oc-6c">
         <name>.debug_info</name>
         <load_address>0x1ae0</load_address>
         <run_address>0x1ae0</run_address>
         <size>0xf2</size>
         <input_file_ref idref="fl-135"/>
      </object_component>
      <object_component id="oc-6e">
         <name>.debug_info</name>
         <load_address>0x1bd2</load_address>
         <run_address>0x1bd2</run_address>
         <size>0x46</size>
         <input_file_ref idref="fl-137"/>
      </object_component>
      <object_component id="oc-73">
         <name>.debug_info</name>
         <load_address>0x1c18</load_address>
         <run_address>0x1c18</run_address>
         <size>0xad</size>
         <input_file_ref idref="fl-137"/>
      </object_component>
      <object_component id="oc-78">
         <name>.debug_info</name>
         <load_address>0x1cc5</load_address>
         <run_address>0x1cc5</run_address>
         <size>0x1ef</size>
         <input_file_ref idref="fl-136"/>
      </object_component>
      <object_component id="oc-7a">
         <name>.debug_info</name>
         <load_address>0x1eb4</load_address>
         <run_address>0x1eb4</run_address>
         <size>0xb7</size>
         <input_file_ref idref="fl-136"/>
      </object_component>
      <object_component id="oc-7b">
         <name>.debug_info</name>
         <load_address>0x1f6b</load_address>
         <run_address>0x1f6b</run_address>
         <size>0x39</size>
         <input_file_ref idref="fl-136"/>
      </object_component>
      <object_component id="oc-82">
         <name>.debug_info</name>
         <load_address>0x1fa4</load_address>
         <run_address>0x1fa4</run_address>
         <size>0x1d7</size>
         <input_file_ref idref="fl-163"/>
      </object_component>
      <object_component id="oc-88">
         <name>.debug_info</name>
         <load_address>0x217b</load_address>
         <run_address>0x217b</run_address>
         <size>0x1e3</size>
         <input_file_ref idref="fl-169"/>
      </object_component>
      <object_component id="oc-8d">
         <name>.debug_info</name>
         <load_address>0x235e</load_address>
         <run_address>0x235e</run_address>
         <size>0x1f1</size>
         <input_file_ref idref="fl-169"/>
      </object_component>
      <object_component id="oc-92">
         <name>.debug_info</name>
         <load_address>0x254f</load_address>
         <run_address>0x254f</run_address>
         <size>0x254</size>
         <input_file_ref idref="fl-16b"/>
      </object_component>
      <object_component id="oc-97">
         <name>.debug_info</name>
         <load_address>0x27a3</load_address>
         <run_address>0x27a3</run_address>
         <size>0xee</size>
         <input_file_ref idref="fl-5"/>
      </object_component>
      <object_component id="oc-99">
         <name>.debug_info</name>
         <load_address>0x2891</load_address>
         <run_address>0x2891</run_address>
         <size>0x191</size>
         <input_file_ref idref="fl-5"/>
      </object_component>
      <object_component id="oc-9e">
         <name>.debug_info</name>
         <load_address>0x2a22</load_address>
         <run_address>0x2a22</run_address>
         <size>0x84</size>
         <input_file_ref idref="fl-2"/>
      </object_component>
      <object_component id="oc-a4">
         <name>.debug_info</name>
         <load_address>0x2aa6</load_address>
         <run_address>0x2aa6</run_address>
         <size>0x20f</size>
         <input_file_ref idref="fl-3"/>
      </object_component>
      <object_component id="oc-a9">
         <name>.debug_info</name>
         <load_address>0x2cb5</load_address>
         <run_address>0x2cb5</run_address>
         <size>0x236</size>
         <input_file_ref idref="fl-3"/>
      </object_component>
      <object_component id="oc-ae">
         <name>.debug_info</name>
         <load_address>0x2eeb</load_address>
         <run_address>0x2eeb</run_address>
         <size>0x24c</size>
         <input_file_ref idref="fl-3"/>
      </object_component>
      <object_component id="oc-b3">
         <name>.debug_info</name>
         <load_address>0x3137</load_address>
         <run_address>0x3137</run_address>
         <size>0x266</size>
         <input_file_ref idref="fl-3"/>
      </object_component>
      <object_component id="oc-b8">
         <name>.debug_info</name>
         <load_address>0x339d</load_address>
         <run_address>0x339d</run_address>
         <size>0x1f2</size>
         <input_file_ref idref="fl-3"/>
      </object_component>
      <object_component id="oc-ba">
         <name>.debug_info</name>
         <load_address>0x358f</load_address>
         <run_address>0x358f</run_address>
         <size>0x1b2</size>
         <input_file_ref idref="fl-3"/>
      </object_component>
      <object_component id="oc-bc">
         <name>.debug_info</name>
         <load_address>0x3741</load_address>
         <run_address>0x3741</run_address>
         <size>0x112</size>
         <input_file_ref idref="fl-3"/>
      </object_component>
      <object_component id="oc-be">
         <name>.debug_info</name>
         <load_address>0x3853</load_address>
         <run_address>0x3853</run_address>
         <size>0x18b</size>
         <input_file_ref idref="fl-2"/>
      </object_component>
      <object_component id="oc-c4">
         <name>.debug_info</name>
         <load_address>0x39de</load_address>
         <run_address>0x39de</run_address>
         <size>0x418</size>
         <input_file_ref idref="fl-16c"/>
      </object_component>
      <object_component id="oc-c9">
         <name>.debug_info</name>
         <load_address>0x3df6</load_address>
         <run_address>0x3df6</run_address>
         <size>0xe6</size>
         <input_file_ref idref="fl-5"/>
      </object_component>
      <object_component id="oc-cc">
         <name>.debug_info</name>
         <load_address>0x3edc</load_address>
         <run_address>0x3edc</run_address>
         <size>0x231</size>
         <input_file_ref idref="fl-2"/>
      </object_component>
      <object_component id="oc-d1">
         <name>.debug_info</name>
         <load_address>0x410d</load_address>
         <run_address>0x410d</run_address>
         <size>0x259</size>
         <input_file_ref idref="fl-2"/>
      </object_component>
      <object_component id="oc-da">
         <name>.debug_info</name>
         <load_address>0x4366</load_address>
         <run_address>0x4366</run_address>
         <size>0x14b</size>
         <input_file_ref idref="fl-143"/>
      </object_component>
      <object_component id="oc-e0">
         <name>.debug_info</name>
         <load_address>0x44b1</load_address>
         <run_address>0x44b1</run_address>
         <size>0x600</size>
         <input_file_ref idref="fl-5"/>
      </object_component>
      <object_component id="oc-e5">
         <name>.debug_info</name>
         <load_address>0x4ab1</load_address>
         <run_address>0x4ab1</run_address>
         <size>0x11b</size>
         <input_file_ref idref="fl-140"/>
      </object_component>
      <object_component id="oc-e7">
         <name>.debug_info</name>
         <load_address>0x4bcc</load_address>
         <run_address>0x4bcc</run_address>
         <size>0xc8</size>
         <input_file_ref idref="fl-13e"/>
      </object_component>
[...]
      </symbol>
      <symbol id="sm-54f">
         <name>read</name>
         <value>0x1d47</value>
         <object_component_ref idref="oc-339"/>
      </symbol>
      <symbol id="sm-550">
         <name>rename</name>
         <value>0x1ce1</value>
         <object_component_ref idref="oc-339"/>
      </symbol>
      <symbol id="sm-551">
         <name>write</name>
         <value>0x1c2d</value>
         <object_component_ref idref="oc-339"/>
      </symbol>
      <symbol id="sm-552">
         <name>close</name>
         <value>0x1e3d</value>
         <object_component_ref idref="oc-339"/>
      </symbol>
      <symbol id="sm-553">
         <name>unlink</name>
         <value>0x1cbd</value>
         <object_component_ref idref="oc-339"/>
      </symbol>
      <symbol id="sm-561">
         <name>ltoa</name>
         <value>0x4a45</value>
         <object_component_ref idref="oc-364"/>
      </symbol>
      <symbol id="sm-570">
         <name>memccpy</name>
         <value>0x53e9</value>
         <object_component_ref idref="oc-376"/>
      </symbol>
      <symbol id="sm-57f">
         <name>memchr</name>
         <value>0x5495</value>
         <object_component_ref idref="oc-345"/>
      </symbol>
      <symbol id="sm-58d">
         <name>__aeabi_memset</name>
         <value>0x4587</value>
         <object_component_ref idref="oc-36d"/>
      </symbol>
      <symbol id="sm-58e">
         <name>memset</name>
         <value>0x458d</value>
         <object_component_ref idref="oc-36d"/>
      </symbol>
      <symbol id="sm-58f">
         <name>__aeabi_memset8</name>
         <value>0x4587</value>
         <object_component_ref idref="oc-36d"/>
      </symbol>
      <symbol id="sm-590">
         <name>__aeabi_memset4</name>
         <value>0x4587</value>
         <object_component_ref idref="oc-36d"/>
      </symbol>
      <symbol id="sm-591">
         <name>__aeabi_memclr8</name>
         <value>0x4585</value>
         <object_component_ref idref="oc-36d"/>
      </symbol>
      <symbol id="sm-592">
         <name>__aeabi_memclr4</name>
         <value>0x4585</value>
         <object_component_ref idref="oc-36d"/>
      </symbol>
      <symbol id="sm-593">
         <name>__aeabi_memclr</name>
         <value>0x4585</value>
         <object_component_ref idref="oc-36d"/>
      </symbol>
      <symbol id="sm-5a2">
         <name>strchr</name>
         <value>0x54ab</value>
         <object_component_ref idref="oc-3f3"/>
      </symbol>
      <symbol id="sm-5b0">
         <name>strcmp</name>
         <value>0x547d</value>
         <object_component_ref idref="oc-3ee"/>
      </symbol>
      <symbol id="sm-5bd">
         <name>strlen</name>
         <value>0x54e9</value>
         <object_component_ref idref="oc-340"/>
      </symbol>
      <symbol id="sm-5cc">
         <name>strncpy</name>
         <value>0x521b</value>
         <object_component_ref idref="oc-3f8"/>
      </symbol>
      <symbol id="sm-5eb">
         <name>HOSTgetenv</name>
         <value>0x2153</value>
         <object_component_ref idref="oc-477"/>
      </symbol>
      <symbol id="sm-5ec">
         <name>HOSTrename</name>
         <value>0x1ffb</value>
         <object_component_ref idref="oc-477"/>
      </symbol>
      <symbol id="sm-5ed">
         <name>HOSTclose</name>
         <value>0x2191</value>
         <object_component_ref idref="oc-477"/>
      </symbol>
      <symbol id="sm-5ee">
         <name>HOSTunlink</name>
         <value>0x1f89</value>
         <object_component_ref idref="oc-477"/>
      </symbol>
      <symbol id="sm-5ef">
         <name>HOSTlseek</name>
         <value>0x20f7</value>
         <object_component_ref idref="oc-477"/>
      </symbol>
      <symbol id="sm-5f0">
         <name>HOSTopen</name>
         <value>0x20a5</value>
         <object_component_ref idref="oc-477"/>
      </symbol>
      <symbol id="sm-5f1">
         <name>HOSTclock</name>
         <value>0x21c9</value>
         <object_component_ref idref="oc-477"/>
      </symbol>
      <symbol id="sm-5f2">
         <name>HOSTwrite</name>
         <value>0x1f3d</value>
         <object_component_ref idref="oc-477"/>
      </symbol>
      <symbol id="sm-5f3">
         <name>HOSTread</name>
         <value>0x2059</value>
         <object_component_ref idref="oc-477"/>
      </symbol>
      <symbol id="sm-5f4">
         <name>HOSTtime</name>
         <value>0x1fc1</value>
         <object_component_ref idref="oc-477"/>
      </symbol>
      <symbol id="sm-60d">
         <name>__TI_readmsg</name>
         <value>0x4957</value>
         <object_component_ref idref="oc-4c0"/>
      </symbol>
      <symbol id="sm-60e">
         <name>C$$IO$$</name>
         <value>0x4953</value>
         <object_component_ref idref="oc-4c0"/>
      </symbol>
      <symbol id="sm-60f">
         <name>__CIOBUF_</name>
         <value>0x20000524</value>
         <object_component_ref idref="oc-4ef"/>
      </symbol>
      <symbol id="sm-610">
         <name>__TI_writemsg</name>
         <value>0x4929</value>
         <object_component_ref idref="oc-4c0"/>
      </symbol>
      <symbol id="sm-62b">
         <name>__aeabi_uldivmod</name>
         <value>0x24a5</value>
         <object_component_ref idref="oc-34c"/>
      </symbol>
      <symbol id="sm-634">
         <name>_Dclass</name>
         <value>0x5521</value>
         <object_component_ref idref="oc-371"/>
      </symbol>
      <symbol id="sm-645">
         <name>_Dtest</name>
         <value>0x4efd</value>
         <object_component_ref idref="oc-418"/>
      </symbol>
      <symbol id="sm-662">
         <name>__TI_wrt_ok</name>
         <value>0x3a9d</value>
         <object_component_ref idref="oc-32f"/>
      </symbol>
      <symbol id="sm-663">
         <name>__TI_rd_ok</name>
         <value>0x3aff</value>
         <object_component_ref idref="oc-32f"/>
      </symbol>
      <symbol id="sm-67c">
         <name>__TI_doflush</name>
         <value>0x387d</value>
         <object_component_ref idref="oc-334"/>
      </symbol>
      <symbol id="sm-67d">
         <name>fflush</name>
         <value>0x38c9</value>
         <object_component_ref idref="oc-334"/>
      </symbol>
      <symbol id="sm-68e">
         <name>fseek</name>
         <value>0x47a5</value>
         <object_component_ref idref="oc-3de"/>
      </symbol>
      <symbol id="sm-6a9">
         <name>setvbuf</name>
         <value>0x3541</value>
         <object_component_ref idref="oc-3e3"/>
      </symbol>
      <symbol id="sm-6b6">
         <name>strcpy</name>
         <value>0x5533</value>
         <object_component_ref idref="oc-4c5"/>
      </symbol>
      <symbol id="sm-6ed">
         <name>__TI_cleanup</name>
         <value>0x2929</value>
         <object_component_ref idref="oc-45f"/>
      </symbol>
      <symbol id="sm-6ee">
         <name>freopen</name>
         <value>0x2955</value>
         <object_component_ref idref="oc-45f"/>
      </symbol>
      <symbol id="sm-6ef">
         <name>fopen</name>
         <value>0x297f</value>
         <object_component_ref idref="oc-45f"/>
      </symbol>
      <symbol id="sm-75b">
         <name>_sys_memory</name>
         <value>0x20000f98</value>
         <object_component_ref idref="oc-24"/>
      </symbol>
      <symbol id="sm-75c">
         <name>free</name>
         <value>0x194f</value>
         <object_component_ref idref="oc-45a"/>
      </symbol>
      <symbol id="sm-75d">
         <name>realloc</name>
         <value>0x1a0f</value>
         <object_component_ref idref="oc-45a"/>
      </symbol>
      <symbol id="sm-75e">
         <name>memalign</name>
         <value>0x1b15</value>
         <object_component_ref idref="oc-45a"/>
      </symbol>
      <symbol id="sm-75f">
         <name>calloc</name>
         <value>0x1bf5</value>
         <object_component_ref idref="oc-45a"/>
      </symbol>
      <symbol id="sm-760">
         <name>malloc</name>
         <value>0x18ed</value>
         <object_component_ref idref="oc-45a"/>
      </symbol>
      <symbol id="sm-761">
         <name>minit</name>
         <value>0x1861</value>
         <object_component_ref idref="oc-45a"/>
      </symbol>
      <symbol id="sm-776">
         <name>__TI_closefile</name>
         <value>0x4055</value>
         <object_component_ref idref="oc-4b0"/>
      </symbol>
      <symbol id="sm-777">
         <name>fclose</name>
         <value>0x40bb</value>
         <object_component_ref idref="oc-4b0"/>
      </symbol>
      <symbol id="sm-7aa">
         <name>SysCtlClockGet</name>
         <value>0x36f5</value>
         <object_component_ref idref="oc-2d0"/>
      </symbol>
      <symbol id="sm-7f8">
         <name>IntIsEnabled</name>
         <value>0x4741</value>
         <object_component_ref idref="oc-21b"/>
      </symbol>
      <symbol id="sm-7f9">
         <name>IntEnable</name>
         <value>0x4869</value>
         <object_component_ref idref="oc-22a"/>
      </symbol>
      <symbol id="sm-7fa">
         <name>IntTrigger</name>
         <value>0x55b1</value>
         <object_component_ref idref="oc-225"/>
      </symbol>
      <symbol id="sm-7fb">
         <name>IntDisable</name>
         <value>0x4809</value>
         <object_component_ref idref="oc-220"/>
      </symbol>
      <symbol id="sm-832">
         <name>GPIOPinTypeI2CSCL</name>
         <value>0x54fd</value>
         <object_component_ref idref="oc-1a6"/>
      </symbol>
      <symbol id="sm-833">
         <name>GPIOIntEnable</name>
         <value>0x55a5</value>
         <object_component_ref idref="oc-1ab"/>
      </symbol>
      <symbol id="sm-834">
         <name>GPIOIntClear</name>
         <value>0x55eb</value>
         <object_component_ref idref="oc-8c"/>
      </symbol>
      <symbol id="sm-835">
         <name>GPIOIntStatus</name>
         <value>0x556d</value>
         <object_component_ref idref="oc-87"/>
      </symbol>
      <symbol id="sm-836">
         <name>GPIODirModeSet</name>
         <value>0x5305</value>
         <object_component_ref idref="oc-2a8"/>
      </symbol>
      <symbol id="sm-837">
         <name>GPIOPadConfigSet</name>
         <value>0x3121</value>
         <object_component_ref idref="oc-2ad"/>
      </symbol>
      <symbol id="sm-8c5">
         <name>MPU9150DataMagnetoGetFloat</name>
         <value>0x3d41</value>
         <object_component_ref idref="oc-1d8"/>
      </symbol>
      <symbol id="sm-8c6">
         <name>MPU9150Write</name>
         <value>0x3de5</value>
         <object_component_ref idref="oc-1bf"/>
      </symbol>
      <symbol id="sm-8c7">
         <name>MPU9150Init</name>
         <value>0x466d</value>
         <object_component_ref idref="oc-1b5"/>
      </symbol>
      <symbol id="sm-8c8">
         <name>MPU9150DataAccelGetFloat</name>
         <value>0x441d</value>
         <object_component_ref idref="oc-1ce"/>
      </symbol>
      <symbol id="sm-8c9">
         <name>MPU9150DataRead</name>
         <value>0x48c9</value>
         <object_component_ref idref="oc-91"/>
      </symbol>
      <symbol id="sm-8ca">
         <name>MPU9150DataGyroGetFloat</name>
         <value>0x4495</value>
         <object_component_ref idref="oc-1d3"/>
      </symbol>
      <symbol id="sm-9a6">
         <name>I2CMWrite8</name>
         <value>0x4aa1</value>
         <object_component_ref idref="oc-2c8"/>
      </symbol>
      <symbol id="sm-9a7">
         <name>I2CMCommand</name>
         <value>0x429d</value>
         <object_component_ref idref="oc-119"/>
      </symbol>
      <symbol id="sm-9a8">
         <name>I2CMInit</name>
         <value>0x50e9</value>
         <object_component_ref idref="oc-1b0"/>
      </symbol>
      <symbol id="sm-9a9">
         <name>I2CMTransferResume</name>
         <value>0x51eb</value>
         <object_component_ref idref="oc-433"/>
      </symbol>
      <symbol id="sm-9aa">
         <name>I2CMIntHandler</name>
         <value>0x344d</value>
         <object_component_ref idref="oc-c3"/>
      </symbol>
      <symbol id="sm-9ff">
         <name>CompDCMMagnetoUpdate</name>
         <value>0x555f</value>
         <object_component_ref idref="oc-1dd"/>
      </symbol>
      <symbol id="sm-a00">
         <name>CompDCMComputeEulers</name>
         <value>0x4f41</value>
         <object_component_ref idref="oc-1f8"/>
      </symbol>
      <symbol id="sm-a01">
         <name>CompDCMStart</name>
         <value>0x393d</value>
         <object_component_ref idref="oc-1ec"/>
      </symbol>
      <symbol id="sm-a02">
         <name>CompDCMComputeQuaternion</name>
         <value>0x2699</value>
         <object_component_ref idref="oc-1fd"/>
      </symbol>
      <symbol id="sm-a03">
         <name>CompDCMGyroUpdate</name>
         <value>0x5551</value>
         <object_component_ref idref="oc-1e7"/>
      </symbol>
      <symbol id="sm-a04">
         <name>CompDCMUpdate</name>
         <value>0x2211</value>
         <object_component_ref idref="oc-1f3"/>
      </symbol>
      <symbol id="sm-a05">
         <name>CompDCMAccelUpdate</name>
         <value>0x5543</value>
         <object_component_ref idref="oc-1e2"/>
      </symbol>
      <symbol id="sm-a06">
         <name>CompDCMInit</name>
         <value>0x4ded</value>
         <object_component_ref idref="oc-1c4"/>
      </symbol>
      <symbol id="sm-a27">
         <name>VectorDotProduct</name>
         <value>0x5359</value>
         <object_component_ref idref="oc-2f3"/>
      </symbol>
      <symbol id="sm-a28">
         <name>VectorScale</name>
         <value>0x537f</value>
         <object_component_ref idref="oc-2fd"/>
      </symbol>
      <symbol id="sm-a29">
         <name>VectorAdd</name>
         <value>0x51b9</value>
         <object_component_ref idref="oc-303"/>
      </symbol>
      <symbol id="sm-a2a">
         <name>VectorCrossProduct</name>
         <value>0x4af9</value>
         <object_component_ref idref="oc-2ee"/>
      </symbol>
      <symbol id="sm-a44">
         <name>asinf</name>
         <value>0x39ed</value>
         <object_component_ref idref="oc-317"/>
      </symbol>
      <symbol id="sm-a5a">
         <name>atan2f</name>
         <value>0x361d</value>
         <object_component_ref idref="oc-312"/>
      </symbol>
      <symbol id="sm-a63">
         <name>__aeabi_d2f</name>
         <value>0x4c39</value>
         <object_component_ref idref="oc-2e6"/>
      </symbol>
      <symbol id="sm-a6d">
         <name>__aeabi_f2d</name>
         <value>0x50b1</value>
         <object_component_ref idref="oc-2de"/>
      </symbol>
      <symbol id="sm-a7c">
         <name>sqrtf</name>
         <value>0x53a5</value>
         <object_component_ref idref="oc-2f8"/>
      </symbol>
      <symbol id="sm-a9b">
         <name>_FAtan</name>
         <value>0x3c99</value>
         <object_component_ref idref="oc-3d1"/>
      </symbol>
      <symbol id="sm-aa4">
         <name>_FDclass</name>
         <value>0x5597</value>
         <object_component_ref idref="oc-30c"/>
      </symbol>
      <symbol id="sm-ab5">
         <name>_FDtest</name>
         <value>0x5185</value>
         <object_component_ref idref="oc-3cb"/>
      </symbol>
      <symbol id="sm-ac3">
         <name>_Feraise</name>
         <value>0x524d</value>
         <object_component_ref idref="oc-3bf"/>
      </symbol>
      <symbol id="sm-ad1">
         <name>_FZero</name>
         <value>0x20000f34</value>
         <object_component_ref idref="oc-3c4"/>
      </symbol>
      <symbol id="sm-ad2">
         <name>_FRteps</name>
         <value>0x20000f20</value>
         <object_component_ref idref="oc-3c4"/>
      </symbol>
      <symbol id="sm-ad3">
         <name>_FSnan</name>
         <value>0x20000f10</value>
         <object_component_ref idref="oc-3c4"/>
      </symbol>
      <symbol id="sm-ad4">
         <name>_FNan</name>
         <value>0x20000f00</value>
         <object_component_ref idref="oc-3c4"/>
      </symbol>
      <symbol id="sm-ad5">
         <name>_FInf</name>
         <value>0x20000ef0</value>
         <object_component_ref idref="oc-3c4"/>
      </symbol>
      <symbol id="sm-ad6">
         <name>_FEps</name>
         <value>0x20000ee0</value>
         <object_component_ref idref="oc-3c4"/>
      </symbol>
      <symbol id="sm-ad7">
         <name>_FXbig</name>
         <value>0x20000f30</value>
         <object_component_ref idref="oc-3c4"/>
      </symbol>
      <symbol id="sm-ad8">
         <name>_FDenorm</name>
         <value>0x20000ed0</value>
         <object_component_ref idref="oc-3c4"/>
      </symbol>
      <symbol id="sm-adf">
         <name>_Errno</name>
         <value>0x20000f88</value>
         <object_component_ref idref="oc-443"/>
      </symbol>
      <symbol id="sm-afa">
         <name>feraiseexcept</name>
         <value>0x5151</value>
         <object_component_ref idref="oc-43e"/>
      </symbol>
      <symbol id="sm-afb">
         <name>_Tls_setup__Fenv</name>
         <value>0x20000f80</value>
         <object_component_ref idref="oc-4a1"/>
      </symbol>
      <symbol id="sm-afc">
         <name>_Fenv</name>
         <value>0x20000f7c</value>
         <object_component_ref idref="oc-4a1"/>
      </symbol>
      <symbol id="sm-b0f">
         <name>raise</name>
         <value>0x52ab</value>
         <object_component_ref idref="oc-49c"/>
      </symbol>
      <symbol id="sm-b27">
         <name>signal</name>
         <value>0x4f85</value>
         <object_component_ref idref="oc-4d6"/>
      </symbol>
      <symbol id="sm-b68">
         <name>I2CMasterDataPut</name>
         <value>0x5605</value>
         <object_component_ref idref="oc-26c"/>
      </symbol>
      <symbol id="sm-b69">
         <name>I2CMasterInitExpClk</name>
         <value>0x4ccd</value>
         <object_component_ref idref="oc-2b4"/>
      </symbol>
      <symbol id="sm-b6a">
         <name>I2CMasterSlaveAddrSet</name>
         <value>0x55e3</value>
         <object_component_ref idref="oc-265"/>
      </symbol>
      <symbol id="sm-b6b">
         <name>I2CMasterDataGet</name>
         <value>0x5601</value>
         <object_component_ref idref="oc-25c"/>
      </symbol>
      <symbol id="sm-b6c">
         <name>I2CMasterIntEnableEx</name>
         <value>0x55db</value>
         <object_component_ref idref="oc-2b9"/>
      </symbol>
      <symbol id="sm-b6d">
         <name>I2CMasterControl</name>
         <value>0x55fd</value>
         <object_component_ref idref="oc-149"/>
      </symbol>
      <symbol id="sm-b6e">
         <name>I2CMasterEnable</name>
         <value>0x55c9</value>
         <object_component_ref idref="oc-39c"/>
      </symbol>
      <symbol id="sm-b6f">
         <name>I2CMasterIntClear</name>
         <value>0x55d3</value>
         <object_component_ref idref="oc-144"/>
      </symbol>
      <symbol id="sm-b70">
         <name>__TI_static_base__</name>
         <value>0x0</value>
      </symbol>
      <symbol id="sm-b71">
         <name>__TI_args_main</name>
         <value>0x1</value>
      </symbol>
      <symbol id="sm-b72">
         <name>SHT$$INIT_ARRAY$$Limit</name>
         <value>0x0</value>
      </symbol>
      <symbol id="sm-b73">
         <name>SHT$$INIT_ARRAY$$Base</name>
         <value>0x0</value>
      </symbol>
      <symbol id="sm-b77">
         <name>remove</name>
         <value>0x1cbd</value>
      </symbol>
   </symbol_table>
   <title>Link successful</title>
</link_info>
