******************************************************************************
                  TI ARM Linker PC v5.1.1                      
******************************************************************************
>> Linked Sun Feb 16 17:27:55 2014

OUTPUT FILE NAME:   <watchdog.out>
ENTRY POINT SYMBOL: "_c_int00"  address: 0000132d


MEMORY CONFIGURATION

         name            origin    length      used     unused   attr    fill
----------------------  --------  ---------  --------  --------  ----  --------
  FLASH                 00000000   00040000  00001b0a  0003e4f6  R  X
  SRAM                  20000000   00008000  0000025b  00007da5  RW X


SEGMENT ALLOCATION MAP

run origin  load origin   length   init length attrs members
----------  ----------- ---------- ----------- ----- -------
00000000    00000000    00001b10   00001b10    r-x
  00000000    00000000    0000026c   0000026c    r-- .intvecs
  0000026c    0000026c    00001456   00001456    r-x .text
  000016c4    000016c4    000003f8   000003f8    r-- .const
  00001ac0    00001ac0    00000050   00000050    r-- .cinit
20000000    20000000    0000025b   00000000    rw-
  20000000    20000000    00000200   00000000    rw- .stack
  20000200    20000200    00000030   00000000    rw- .bss
  20000230    20000230    0000002b   00000000    rw- .data


SECTION ALLOCATION MAP

 output                                  attributes/
section   page    origin      length       input sections
--------  ----  ----------  ----------   ----------------
.intvecs   0    00000000    0000026c     
                  00000000    0000026c     startup_ccs.obj (.intvecs)

.init_array 
*          0    00000000    00000000     UNINITIALIZED

.text      0    0000026c    00001456     
                  0000026c    000002a0     watchdog.obj (.text:main)
                  0000050c    00000266     grlib.lib : string.obj (.text:GrFontGlyphRender)
                  00000772    00000002     cfal96x64x16.obj (.text:CFAL96x64x16Flush)
                  00000774    00000184     cfal96x64x16.obj (.text:CFAL96x64x16Init)
                  000008f8    00000164     watchdog.obj (.text:SelectButtonPressed)
                  00000a5c    0000013c     cfal96x64x16.obj (.text:CFAL96x64x16PixelDrawMultiple)
                  00000b98    00000130     driverlib.lib : gpio.obj (.text:GPIOPadConfigSet)
                  00000cc8    000000ca     grlib.lib : string.obj (.text:GrDefaultStringRenderer)
                  00000d92    0000009c     rtsv7M4_T_le_v4SPD16_eabi.lib : memcpy_t2.obj (.text)
                  00000e2e    00000002     startup_ccs.obj (.text:FaultISR)
                  00000e30    00000094     rtsv7M4_T_le_v4SPD16_eabi.lib : auto_init.obj (.text)
                  00000ec4    0000008e     cfal96x64x16.obj (.text:CFAL96x64x16LineDrawV)
                  00000f52    00000086     grlib.lib : rectangle.obj (.text:GrRectFill)
                  00000fd8    00000070     buttons.obj (.text:ButtonsPoll)
                  00001048    0000006c     cfal96x64x16.obj (.text:CFAL96x64x16LineDrawH)
                  000010b4    0000006a     grlib.lib : string.obj (.text:GrStringWidthGet)
                  0000111e    00000002     startup_ccs.obj (.text:IntDefaultHandler)
                  00001120    00000064     grlib.lib : context.obj (.text:GrContextInit)
                  00001184    0000005e     rtsv7M4_T_le_v4SPD16_eabi.lib : copy_decompress_rle.obj (.text)
                  000011e2    0000005c     grlib.lib : string.obj (.text:FontWideGlyphDataGet)
                  0000123e    00000002     startup_ccs.obj (.text:NmiSR)
                  00001240    00000050     cfal96x64x16.obj (.text:CFAL96x64x16WriteCommand)
                  00001290    00000050     cfal96x64x16.obj (.text:CFAL96x64x16WriteData)
                  000012e0    0000004a     grlib.lib : string.obj (.text:UpdateContextCharMapping)
                  0000132a    00000002     --HOLE-- [fill = 0]
                  0000132c    00000048     rtsv7M4_T_le_v4SPD16_eabi.lib : boot.obj (.text)
                  00001374    00000044     watchdog.obj (.text:WatchdogIntHandler)
                  000013b8    00000044     rtsv7M4_T_le_v4SPD16_eabi.lib : cpy_tbl.obj (.text)
                  000013fc    00000044                                   : exit.obj (.text)
                  00001440    0000003c     buttons.obj (.text:ButtonsInit)
                  0000147c    0000003a     grlib.lib : string.obj (.text:FontGlyphDataGet)
                  000014b6    00000002     --HOLE-- [fill = 0]
                  000014b8    00000034     driverlib.lib : sysctl.obj (.text:SysCtlPeripheralEnable)
                  000014ec    00000032     cfal96x64x16.obj (.text:CFAL96x64x16PixelDraw)
                  0000151e    0000002a     cfal96x64x16.obj (.text:CFAL96x64x16RectFill)
                  00001548    0000002a     driverlib.lib : gpio.obj (.text:GPIODirModeSet)
                  00001572    0000002a     grlib.lib : string.obj (.text:GrFontBaselineGet)
                  0000159c    0000002a               : string.obj (.text:GrStringNextCharGet)
                  000015c6    00000026               : string.obj (.text:GrFontInfoGet)
                  000015ec    00000022               : string.obj (.text:GrFontGlyphDataGet)
                  0000160e    0000001e               : string.obj (.text:GrFontCodepageGet)
                  0000162c    00000018     rtsv7M4_T_le_v4SPD16_eabi.lib : args_main.obj (.text)
                  00001644    00000016     cfal96x64x16.obj (.text:CFAL96x64x16ColorTranslate)
                  0000165a    00000002     --HOLE-- [fill = 0]
                  0000165c    00000014     rtsv7M4_T_le_v4SPD16_eabi.lib : _lock.obj (.text)
                  00001670    00000012     grlib.lib : string.obj (.text:GrStringDraw)
                  00001682    00000012     rtsv7M4_T_le_v4SPD16_eabi.lib : copy_zero_init.obj (.text:decompress:ZI)
                  00001694    0000000e                                   : copy_decompress_none.obj (.text:decompress:none)
                  000016a2    00000008     grlib.lib : charmap.obj (.text:GrMapISO8859_1_Unicode)
                  000016aa    00000006     driverlib.lib : gpio.obj (.text:GPIOPinRead)
                  000016b0    00000006     grlib.lib : string.obj (.text:GrContextFontSet)
                  000016b6    00000006     startup_ccs.obj (.text:ResetISR)
                  000016bc    00000006     rtsv7M4_T_le_v4SPD16_eabi.lib : copy_decompress_rle.obj (.text:decompress:rle24)

.const     0    000016c4    000003f8     
                  000016c4    000002f8     grlib.lib : fontfixed6x8.obj (.const:.string:g_pui8FontFixed6x8Data)
                  000019bc    000000c8               : fontfixed6x8.obj (.const:g_sFontFixed6x8)
                  00001a84    00000028     cfal96x64x16.obj (.const:g_sCFAL96x64x16)
                  00001aac    00000010     grlib.lib : context.obj (.const)

.cinit     0    00001ac0    00000050     
                  00001ac0    00000026     (.cinit..data.load) [load image, compression = rle]
                  00001ae6    00000002     --HOLE-- [fill = 0]
                  00001ae8    0000000c     (__TI_handler_table)
                  00001af4    00000004     --HOLE-- [fill = 0]
                  00001af8    00000008     (.cinit..bss.load) [load image, compression = zero_init]
                  00001b00    00000010     (__TI_cinit_table)

.stack     0    20000000    00000200     UNINITIALIZED
                  20000000    00000200     --HOLE--

.bss       0    20000200    00000030     UNINITIALIZED
                  20000200    0000002c     watchdog.obj (.bss:g_sContext)
                  2000022c    00000004     grlib.lib : context.obj (.bss)

.data      0    20000230    0000002b     UNINITIALIZED
                  20000230    00000013     cfal96x64x16.obj (.data)
                  20000243    00000001     watchdog.obj (.data)
                  20000244    00000008     rtsv7M4_T_le_v4SPD16_eabi.lib : _lock.obj (.data)
                  2000024c    00000008                                   : exit.obj (.data)
                  20000254    00000004                                   : stkdepth_vars.obj (.data)
                  20000258    00000003     buttons.obj (.data)


LINKER GENERATED COPY TABLES

__TI_cinit_table @ 00001b00 records: 2, size/record: 8, table size: 16
	.data: load addr=00001ac0, load size=00000026 bytes, run addr=20000230, run size=0000002b bytes, compression=rle
	.bss: load addr=00001af8, load size=00000008 bytes, run addr=20000200, run size=00000030 bytes, compression=zero_init


LINKER GENERATED HANDLER TABLE

__TI_handler_table @ 00001ae8 records: 3, size/record: 4, table size: 12
	index: 0, handler: __TI_decompress_rle24
	index: 1, handler: __TI_decompress_none
	index: 2, handler: __TI_zero_init


GLOBAL SYMBOLS: SORTED ALPHABETICALLY BY Name 

address    name
--------   ----
00001441   ButtonsInit
00000fd9   ButtonsPoll
000013fd   C$$EXIT
00000775   CFAL96x64x16Init
00001549   GPIODirModeSet
00000b99   GPIOPadConfigSet
000016ab   GPIOPinRead
000016b1   GrContextFontSet
00001121   GrContextInit
00000cc9   GrDefaultStringRenderer
00001573   GrFontBaselineGet
0000160f   GrFontCodepageGet
000015ed   GrFontGlyphDataGet
0000050d   GrFontGlyphRender
000015c7   GrFontInfoGet
000016a3   GrMapISO8859_1_Unicode
00000f53   GrRectFill
00001671   GrStringDraw
0000159d   GrStringNextCharGet
000010b5   GrStringWidthGet
000016b7   ResetISR
UNDEFED    SHT$$INIT_ARRAY$$Base
UNDEFED    SHT$$INIT_ARRAY$$Limit
000014b9   SysCtlPeripheralEnable
00001375   WatchdogIntHandler
20000200   __STACK_END
00000200   __STACK_SIZE
20000200   __STACK_TOP
00001b00   __TI_CINIT_Base
00001b10   __TI_CINIT_Limit
00001ae8   __TI_Handler_Table_Base
00001af4   __TI_Handler_Table_Limit
00000001   __TI_args_main
00000e31   __TI_auto_init
2000024c   __TI_cleanup_ptr
00001695   __TI_decompress_none
000016bd   __TI_decompress_rle24
20000250   __TI_dtors_ptr
00000000   __TI_static_base__
00001683   __TI_zero_init
00000d93   __aeabi_memcpy
00000d93   __aeabi_memcpy4
00000d93   __aeabi_memcpy8
ffffffff   __binit__
ffffffff   __c_args__
20000000   __stack
0000162d   _args_main
0000132d   _c_int00
20000244   _lock
0000166b   _nop
00001663   _register_lock
0000165d   _register_unlock
20000248   _unlock
00001401   abort
ffffffff   binit
000013b9   copy_in
00001409   exit
20000243   g_bFeedWatchdog
00000000   g_pfnVectors
00001aac   g_psDefaultCodePointMapTable
00001a84   g_sCFAL96x64x16
20000200   g_sContext
000019bc   g_sFontFixed6x8
0000026d   main
20000254   main_func_sp
00000d93   memcpy


GLOBAL SYMBOLS: SORTED BY Symbol Address 

address    name
--------   ----
00000000   __TI_static_base__
00000000   g_pfnVectors
00000001   __TI_args_main
00000200   __STACK_SIZE
0000026d   main
0000050d   GrFontGlyphRender
00000775   CFAL96x64x16Init
00000b99   GPIOPadConfigSet
00000cc9   GrDefaultStringRenderer
00000d93   __aeabi_memcpy
00000d93   __aeabi_memcpy4
00000d93   __aeabi_memcpy8
00000d93   memcpy
00000e31   __TI_auto_init
00000f53   GrRectFill
00000fd9   ButtonsPoll
000010b5   GrStringWidthGet
00001121   GrContextInit
0000132d   _c_int00
00001375   WatchdogIntHandler
000013b9   copy_in
000013fd   C$$EXIT
00001401   abort
00001409   exit
00001441   ButtonsInit
000014b9   SysCtlPeripheralEnable
00001549   GPIODirModeSet
00001573   GrFontBaselineGet
0000159d   GrStringNextCharGet
000015c7   GrFontInfoGet
000015ed   GrFontGlyphDataGet
0000160f   GrFontCodepageGet
0000162d   _args_main
0000165d   _register_unlock
00001663   _register_lock
0000166b   _nop
00001671   GrStringDraw
00001683   __TI_zero_init
00001695   __TI_decompress_none
000016a3   GrMapISO8859_1_Unicode
000016ab   GPIOPinRead
000016b1   GrContextFontSet
000016b7   ResetISR
000016bd   __TI_decompress_rle24
000019bc   g_sFontFixed6x8
00001a84   g_sCFAL96x64x16
00001aac   g_psDefaultCodePointMapTable
00001ae8   __TI_Handler_Table_Base
00001af4   __TI_Handler_Table_Limit
00001b00   __TI_CINIT_Base
00001b10   __TI_CINIT_Limit
20000000   __stack
20000200   __STACK_END
20000200   __STACK_TOP
20000200   g_sContext
20000243   g_bFeedWatchdog
20000244   _lock
20000248   _unlock
2000024c   __TI_cleanup_ptr
20000250   __TI_dtors_ptr
20000254   main_func_sp
ffffffff   __binit__
ffffffff   __c_args__
ffffffff   binit
UNDEFED    SHT$$INIT_ARRAY$$Base
UNDEFED    SHT$$INIT_ARRAY$$Limit

[66 symbols]
