******************************************************************************
                  TI ARM Linker PC v5.1.1                      
******************************************************************************
>> Linked Sun Feb 16 17:24:37 2014

OUTPUT FILE NAME:   <project0.out>
ENTRY POINT SYMBOL: "_c_int00"  address: 0000067d


MEMORY CONFIGURATION

         name            origin    length      used     unused   attr    fill
----------------------  --------  ---------  --------  --------  ----  --------
  FLASH                 00000000   00040000  00000838  0003f7c8  R  X
  SRAM                  20000000   00008000  00000114  00007eec  RW X


SEGMENT ALLOCATION MAP

run origin  load origin   length   init length attrs members
----------  ----------- ---------- ----------- ----- -------
00000000    00000000    00000838   00000838    r-x
  00000000    00000000    0000026c   0000026c    r-- .intvecs
  0000026c    0000026c    000005ac   000005ac    r-x .text
  00000818    00000818    00000020   00000020    r-- .cinit
20000000    20000000    00000114   00000000    rw-
  20000000    20000000    00000100   00000000    rw- .stack
  20000100    20000100    00000014   00000000    rw- .data


SECTION ALLOCATION MAP

 output                                  attributes/
section   page    origin      length       input sections
--------  ----  ----------  ----------   ----------------
.intvecs   0    00000000    0000026c     
                  00000000    0000026c     startup_ccs.obj (.intvecs)

.init_array 
*          0    00000000    00000000     UNINITIALIZED

.text      0    0000026c    000005ac     
                  0000026c    00000130     driverlib.lib : gpio.obj (.text:GPIOPadConfigSet)
                  0000039c    00000104                   : sysctl.obj (.text:SysCtlClockSet)
                  000004a0    0000009c     rtsv7M4_T_le_v4SPD16_eabi.lib : memcpy_t2.obj (.text)
                  0000053c    00000094                                   : auto_init.obj (.text)
                  000005d0    0000005e                                   : copy_decompress_rle.obj (.text)
                  0000062e    00000002     startup_ccs.obj (.text:FaultISR)
                  00000630    0000004c     project0.obj (.text:main)
                  0000067c    00000048     rtsv7M4_T_le_v4SPD16_eabi.lib : boot.obj (.text)
                  000006c4    00000044                                   : cpy_tbl.obj (.text)
                  00000708    00000044                                   : exit.obj (.text)
                  0000074c    00000034     driverlib.lib : sysctl.obj (.text:SysCtlPeripheralEnable)
                  00000780    0000002a                   : gpio.obj (.text:GPIODirModeSet)
                  000007aa    00000018                   : gpio.obj (.text:GPIOPinTypeGPIOOutput)
                  000007c2    00000002     startup_ccs.obj (.text:IntDefaultHandler)
                  000007c4    00000018     rtsv7M4_T_le_v4SPD16_eabi.lib : args_main.obj (.text)
                  000007dc    00000014                                   : _lock.obj (.text)
                  000007f0    0000000e                                   : copy_decompress_none.obj (.text:decompress:none)
                  000007fe    00000006     driverlib.lib : gpio.obj (.text:GPIOPinWrite)
                  00000804    00000006     startup_ccs.obj (.text:ResetISR)
                  0000080a    00000006     driverlib.lib : sysctl.obj (.text:SysCtlDelay)
                  00000810    00000006     rtsv7M4_T_le_v4SPD16_eabi.lib : copy_decompress_rle.obj (.text:decompress:rle24)
                  00000816    00000002     startup_ccs.obj (.text:NmiSR)

.cinit     0    00000818    00000020     
                  00000818    0000000f     (.cinit..data.load) [load image, compression = rle]
                  00000827    00000001     --HOLE-- [fill = 0]
                  00000828    00000008     (__TI_handler_table)
                  00000830    00000008     (__TI_cinit_table)

.stack     0    20000000    00000100     UNINITIALIZED
                  20000000    00000100     --HOLE--

.data      0    20000100    00000014     UNINITIALIZED
                  20000100    00000008     rtsv7M4_T_le_v4SPD16_eabi.lib : _lock.obj (.data)
                  20000108    00000008                                   : exit.obj (.data)
                  20000110    00000004                                   : stkdepth_vars.obj (.data)


LINKER GENERATED COPY TABLES

__TI_cinit_table @ 00000830 records: 1, size/record: 8, table size: 8
	.data: load addr=00000818, load size=0000000f bytes, run addr=20000100, run size=00000014 bytes, compression=rle


LINKER GENERATED HANDLER TABLE

__TI_handler_table @ 00000828 records: 2, size/record: 4, table size: 8
	index: 0, handler: __TI_decompress_rle24
	index: 1, handler: __TI_decompress_none


GLOBAL SYMBOLS: SORTED ALPHABETICALLY BY Name 

address    name
--------   ----
00000709   C$$EXIT
00000781   GPIODirModeSet
0000026d   GPIOPadConfigSet
000007ab   GPIOPinTypeGPIOOutput
000007ff   GPIOPinWrite
00000805   ResetISR
UNDEFED    SHT$$INIT_ARRAY$$Base
UNDEFED    SHT$$INIT_ARRAY$$Limit
0000039d   SysCtlClockSet
0000080b   SysCtlDelay
0000074d   SysCtlPeripheralEnable
20000100   __STACK_END
00000100   __STACK_SIZE
20000100   __STACK_TOP
00000830   __TI_CINIT_Base
00000838   __TI_CINIT_Limit
00000828   __TI_Handler_Table_Base
00000830   __TI_Handler_Table_Limit
00000001   __TI_args_main
0000053d   __TI_auto_init
20000108   __TI_cleanup_ptr
000007f1   __TI_decompress_none
00000811   __TI_decompress_rle24
2000010c   __TI_dtors_ptr
00000000   __TI_static_base__
000004a1   __aeabi_memcpy
000004a1   __aeabi_memcpy4
000004a1   __aeabi_memcpy8
ffffffff   __binit__
ffffffff   __c_args__
20000000   __stack
000007c5   _args_main
0000067d   _c_int00
20000100   _lock
000007eb   _nop
000007e3   _register_lock
000007dd   _register_unlock
20000104   _unlock
0000070d   abort
ffffffff   binit
000006c5   copy_in
00000715   exit
00000000   g_pfnVectors
00000631   main
20000110   main_func_sp
000004a1   memcpy


GLOBAL SYMBOLS: SORTED BY Symbol Address 

address    name
--------   ----
00000000   __TI_static_base__
00000000   g_pfnVectors
00000001   __TI_args_main
00000100   __STACK_SIZE
0000026d   GPIOPadConfigSet
0000039d   SysCtlClockSet
000004a1   __aeabi_memcpy
000004a1   __aeabi_memcpy4
000004a1   __aeabi_memcpy8
000004a1   memcpy
0000053d   __TI_auto_init
00000631   main
0000067d   _c_int00
000006c5   copy_in
00000709   C$$EXIT
0000070d   abort
00000715   exit
0000074d   SysCtlPeripheralEnable
00000781   GPIODirModeSet
000007ab   GPIOPinTypeGPIOOutput
000007c5   _args_main
000007dd   _register_unlock
000007e3   _register_lock
000007eb   _nop
000007f1   __TI_decompress_none
000007ff   GPIOPinWrite
00000805   ResetISR
0000080b   SysCtlDelay
00000811   __TI_decompress_rle24
00000828   __TI_Handler_Table_Base
00000830   __TI_CINIT_Base
00000830   __TI_Handler_Table_Limit
00000838   __TI_CINIT_Limit
20000000   __stack
20000100   __STACK_END
20000100   __STACK_TOP
20000100   _lock
20000104   _unlock
20000108   __TI_cleanup_ptr
2000010c   __TI_dtors_ptr
20000110   main_func_sp
ffffffff   __binit__
ffffffff   __c_args__
ffffffff   binit
UNDEFED    SHT$$INIT_ARRAY$$Base
UNDEFED    SHT$$INIT_ARRAY$$Limit

[46 symbols]
